<html>
<body>
<pre>
<h1>µVision Build Log</h1>
<h2>Tool Versions:</h2>
IDE-Version: ¦ÌVision V5.29.0.0
Copyright (C) 2019 ARM Ltd and ARM Germany GmbH. All rights reserved.
License Information: Sun Quan, ECUST, LIC=8VRJ7-E5JVB-EVK1R-K5SS4-2BWKH-2BE8F
 
Tool Versions:
Toolchain:       MDK-ARM Plus  Version: 5.29.0.0
Toolchain Path:  C:\Keil_v5\ARM\ARMCC\Bin
C Compiler:      Armcc.exe V5.06 update 6 (build 750)
Assembler:       Armasm.exe V5.06 update 6 (build 750)
Linker/Locator:  ArmLink.exe V5.06 update 6 (build 750)
Library Manager: ArmAr.exe V5.06 update 6 (build 750)
Hex Converter:   FromElf.exe V5.06 update 6 (build 750)
CPU DLL:         SARMCM3.DLL V5.29.0.0
Dialog DLL:      DCM.DLL V1.17.3.0
Target DLL:      Segger\JL2CM3.dll V2.99.36.0
Dialog DLL:      TCM.DLL V1.36.5.0
 
<h2>Project:</h2>
C:\Users\Joker\Desktop\Buinding-Automation-Controller\STM32F407.uvprojx
Project File Date:  11/27/2021

<h2>Output:</h2>
*** Using Compiler 'V5.06 update 6 (build 750)', folder: 'C:\Keil_v5\ARM\ARMCC\Bin'
Rebuild target 'STM32'
compiling os_app_hooks.c...
compiling stm32f4xx_usart.c...
compiling stm32f4xx_gpio.c...
compiling stm32f4xx_dma.c...
compiling misc.c...
compiling system_stm32f4xx.c...
compiling stm32f4xx_syscfg.c...
compiling stm32f4xx_i2c.c...
compiling stm32f4xx_rcc.c...
assembling startup_stm32f40_41xxx.s...
compiling stm32f4xx_it.c...
compiling stm32f4x7_eth.c...
compiling app.c...
assembling cpu_a.asm...
compiling cpu_core.c...
compiling cpu_c.c...
compiling lib_ascii.c...
compiling lib_math.c...
compiling lib_mem.c...
compiling lib_str.c...
assembling lib_mem_a.asm...
compiling led.c...
compiling at24cxx.c...
compiling rs485.c...
compiling debug.c...
compiling dma.c...
compiling os_cfg_app.c...
compiling lan8720.c...
compiling os_core.c...
compiling os_dbg.c...
compiling os_int.c...
compiling os_mem.c...
compiling os_msg.c...
compiling os_flag.c...
compiling os_mutex.c...
compiling os_pend_multi.c...
compiling bsp_periph.c...
compiling os_prio.c...
compiling os_q.c...
compiling os_sem.c...
compiling os_stat.c...
compiling os_tick.c...
assembling os_cpu_a.asm...
compiling os_time.c...
compiling bsp.c...
compiling os_task.c...
compiling os_tmr.c...
compiling os_var.c...
compiling os_cpu_c.c...
compiling bsp_int.c...
linking...
Program Size: Code=24064 RO-data=1312 RW-data=768 ZI-data=12640  
FromELF: creating hex file...
After Build - User command #1: "C:\Keil_v5\ARM\ARMCC\bin\fromelf.exe" --strip=debug --bin --output ./Objects/STM32F407.bin ./Objects/STM32F407.axf
".\Objects\STM32F407.axf" - 0 Error(s), 0 Warning(s).

<h2>Software Packages used:</h2>

Package Vendor: Keil
                http://www.keil.com/pack/Keil.STM32F4xx_DFP.2.14.0.pack
                Keil.STM32F4xx_DFP.2.14.0
                STMicroelectronics STM32F4 Series Device Support, Drivers and Examples

<h2>Collection of Component include folders:</h2>
  .\RTE\_STM32
  C:\Users\Joker\AppData\Local\Arm\Packs\Keil\STM32F4xx_DFP\2.14.0\Drivers\CMSIS\Device\ST\STM32F4xx\Include

<h2>Collection of Component Files used:</h2>
Build Time Elapsed:  00:00:05
</pre>
</body>
</html>
