<html>
<body>
<pre>
<h1>µVision Build Log</h1>
<h2>Tool Versions:</h2>
IDE-Version: ¦ÌVision V5.29.0.0
Copyright (C) 2019 ARM Ltd and ARM Germany GmbH. All rights reserved.
License Information: joker sun, iflytek, LIC=X96CK-ZY2EX-LQZ0Q-NTBJJ-SY4S9-YKVGG
 
Tool Versions:
Toolchain:       MDK-ARM Plus  Version: 5.29.0.0
Toolchain Path:  C:\Keil_v5\ARM\ARMCC\Bin
C Compiler:      Armcc.exe V5.06 update 6 (build 750)
Assembler:       Armasm.exe V5.06 update 6 (build 750)
Linker/Locator:  ArmLink.exe V5.06 update 6 (build 750)
Library Manager: ArmAr.exe V5.06 update 6 (build 750)
Hex Converter:   FromElf.exe V5.06 update 6 (build 750)
CPU DLL:         SARMCM3.DLL V5.29.0.0
Dialog DLL:      DCM.DLL V1.17.3.0
Target DLL:      Segger\JL2CM3.dll V2.99.36.0
Dialog DLL:      TCM.DLL V1.36.5.0
 
<h2>Project:</h2>
C:\Users\Joker\Desktop\Buinding-Automation-Controller\STM32F407.uvprojx
Project File Date:  04/30/2022

<h2>Output:</h2>
*** Using Compiler 'V5.06 update 6 (build 750)', folder: 'C:\Keil_v5\ARM\ARMCC\Bin'
Rebuild target 'STM32'
compiling os_app_hooks.c...
compiling stm32f4xx_usart.c...
compiling system_stm32f4xx.c...
compiling stm32f4xx_rcc.c...
assembling startup_stm32f40_41xxx.s...
compiling misc.c...
compiling stm32f4xx_gpio.c...
compiling stm32f4xx_i2c.c...
compiling stm32f4xx_syscfg.c...
compiling stm32f4xx_dma.c...
compiling stm32f4xx_it.c...
compiling stm32f4x7_eth.c...
compiling app.c...
compiling cpu_core.c...
assembling cpu_a.asm...
compiling led.c...
compiling at24cxx.c...
compiling lib_ascii.c...
compiling cpu_c.c...
compiling lib_math.c...
assembling lib_mem_a.asm...
compiling lib_mem.c...
compiling lib_str.c...
compiling debug.c...
compiling os_cfg_app.c...
compiling lan8720.c...
compiling rs485.c...
compiling dma.c...
compiling bsp.c...
compiling bsp_periph.c...
compiling os_dbg.c...
compiling os_msg.c...
compiling bsp_int.c...
compiling os_flag.c...
compiling os_core.c...
compiling os_pend_multi.c...
compiling os_int.c...
compiling os_mem.c...
compiling os_prio.c...
compiling os_mutex.c...
compiling os_stat.c...
assembling os_cpu_a.asm...
compiling os_q.c...
compiling os_sem.c...
compiling os_tick.c...
compiling os_var.c...
compiling os_time.c...
compiling apdu.c...
compiling os_tmr.c...
compiling os_cpu_c.c...
compiling os_task.c...
compiling crc.c...
compiling fifo.c...
compiling datalink.c...
compiling object.c...
UART_RTOS\source\object.c(77): warning:  #188-D: enumerated type mixed with another type
          peripherals[index].obj_id = index;
UART_RTOS\source\object.c(179): warning:  #177-D: variable "data_type"  was declared but never referenced
      Data_Type data_type = peripherals[obj_id].data_type;
UART_RTOS\source\object.c(252): warning:  #188-D: enumerated type mixed with another type
      Function_Code function_code = apdu_data[1];
UART_RTOS\source\object.c(253): warning:  #188-D: enumerated type mixed with another type
      Object_Identifier obj_id = apdu_data[2];
UART_RTOS\source\object.c(250): warning:  #177-D: variable "ret"  was declared but never referenced
      int ret = 0;
UART_RTOS\source\object.c(252): warning:  #177-D: variable "function_code"  was declared but never referenced
      Function_Code function_code = apdu_data[1];
UART_RTOS\source\object.c(279): warning:  #188-D: enumerated type mixed with another type
      Function_Code function_code = apdu_data[1];
UART_RTOS\source\object.c(280): warning:  #188-D: enumerated type mixed with another type
      Object_Identifier obj_id = apdu_data[2];
UART_RTOS\source\object.c(277): warning:  #177-D: variable "ret"  was declared but never referenced
      int ret = 0;
UART_RTOS\source\object.c(279): warning:  #177-D: variable "function_code"  was declared but never referenced
      Function_Code function_code = apdu_data[1];
UART_RTOS\source\object.c(283): warning:  #177-D: variable "data_size"  was declared but never referenced
      uint8_t data_size = peripherals[obj_id].data_size;
UART_RTOS\source\object.c(284): warning:  #177-D: variable "ptr"  was declared but never referenced
      uint8_t *ptr = (uint8_t *)peripherals[obj_id].value_array;
UART_RTOS\source\object.c(302): warning:  #188-D: enumerated type mixed with another type
      Object_Identifier obj_id = apdu_data[2];
UART_RTOS\source\object.c(320): warning:  #188-D: enumerated type mixed with another type
      Object_Identifier obj_id = apdu_data[2];
UART_RTOS\source\object.c: 14 warnings, 0 errors
linking...
Program Size: Code=24428 RO-data=1000 RW-data=272 ZI-data=37080  
FromELF: creating hex file...
After Build - User command #1: "C:\Keil_v5\ARM\ARMCC\bin\fromelf.exe" --strip=debug --bin --output ./Objects/STM32F407.bin ./Objects/STM32F407.axf
".\Objects\STM32F407.axf" - 0 Error(s), 14 Warning(s).

<h2>Software Packages used:</h2>

Package Vendor: Keil
                http://www.keil.com/pack/Keil.STM32F4xx_DFP.2.14.0.pack
                Keil.STM32F4xx_DFP.2.14.0
                STMicroelectronics STM32F4 Series Device Support, Drivers and Examples

<h2>Collection of Component include folders:</h2>
  .\RTE\_STM32
  C:\Users\Joker\AppData\Local\Arm\Packs\Keil\STM32F4xx_DFP\2.14.0\Drivers\CMSIS\Device\ST\STM32F4xx\Include

<h2>Collection of Component Files used:</h2>
Build Time Elapsed:  00:00:07
</pre>
</body>
</html>
