Component: ARM Compiler 5.06 update 6 (build 750) Tool: armlink [4d35ed]

==============================================================================

Section Cross References

    app.o(i.AppTaskCreate) refers to os_task.o(i.OSTaskCreate) for OSTaskCreate
    app.o(i.AppTaskCreate) refers to app.o(.bss) for App_TaskEq0FpStk
    app.o(i.AppTaskCreate) refers to app.o(i.App_TaskEq0Fp) for App_TaskEq0Fp
    app.o(i.AppTaskStart) refers to os_stat.o(i.OSStatTaskCPUUsageInit) for OSStatTaskCPUUsageInit
    app.o(i.AppTaskStart) refers to app.o(i.AppTaskCreate) for AppTaskCreate
    app.o(i.AppTaskStart) refers to led.o(i.LED_Invert) for LED_Invert
    app.o(i.AppTaskStart) refers to os_time.o(i.OSTimeDlyHMSM) for OSTimeDlyHMSM
    app.o(i.App_TaskEq0Fp) refers to f2d.o(.text) for __aeabi_f2d
    app.o(i.App_TaskEq0Fp) refers to cos.o(i.__hardfp_cos) for __hardfp_cos
    app.o(i.App_TaskEq0Fp) refers to dmul.o(.text) for __aeabi_dmul
    app.o(i.App_TaskEq0Fp) refers to sin.o(i.__hardfp_sin) for __hardfp_sin
    app.o(i.App_TaskEq0Fp) refers to dadd.o(.text) for __aeabi_dsub
    app.o(i.App_TaskEq0Fp) refers to exp.o(i.__hardfp_exp) for __hardfp_exp
    app.o(i.App_TaskEq0Fp) refers to d2f.o(.text) for __aeabi_d2f
    app.o(i.App_TaskEq0Fp) refers to lib_math.o(i.Math_Rand) for Math_Rand
    app.o(i.main) refers to bsp_int.o(i.BSP_IntDisAll) for BSP_IntDisAll
    app.o(i.main) refers to bsp.o(i.BSP_Init) for BSP_Init
    app.o(i.main) refers to bsp.o(i.BSP_Tick_Init) for BSP_Tick_Init
    app.o(i.main) refers to cpu_core.o(i.CPU_Init) for CPU_Init
    app.o(i.main) refers to lib_mem.o(i.Mem_Init) for Mem_Init
    app.o(i.main) refers to lib_math.o(i.Math_Init) for Math_Init
    app.o(i.main) refers to os_core.o(i.OSInit) for OSInit
    app.o(i.main) refers to os_task.o(i.OSTaskCreate) for OSTaskCreate
    app.o(i.main) refers to os_core.o(i.OSStart) for OSStart
    app.o(i.main) refers to app.o(.bss) for AppTaskStartStk
    app.o(i.main) refers to app.o(i.AppTaskStart) for AppTaskStart
    os_app_hooks.o(i.App_OS_ClrAllHooks) refers to cpu_a.o(.text) for CPU_SR_Save
    os_app_hooks.o(i.App_OS_ClrAllHooks) refers to os_var.o(.data) for OS_AppTaskCreateHookPtr
    os_app_hooks.o(i.App_OS_SetAllHooks) refers to cpu_a.o(.text) for CPU_SR_Save
    os_app_hooks.o(i.App_OS_SetAllHooks) refers to os_app_hooks.o(i.App_OS_TaskCreateHook) for App_OS_TaskCreateHook
    os_app_hooks.o(i.App_OS_SetAllHooks) refers to os_var.o(.data) for OS_AppTaskCreateHookPtr
    os_app_hooks.o(i.App_OS_SetAllHooks) refers to os_app_hooks.o(i.App_OS_TaskDelHook) for App_OS_TaskDelHook
    os_app_hooks.o(i.App_OS_SetAllHooks) refers to os_app_hooks.o(i.App_OS_TaskReturnHook) for App_OS_TaskReturnHook
    os_app_hooks.o(i.App_OS_SetAllHooks) refers to os_app_hooks.o(i.App_OS_IdleTaskHook) for App_OS_IdleTaskHook
    os_app_hooks.o(i.App_OS_SetAllHooks) refers to os_app_hooks.o(i.App_OS_StatTaskHook) for App_OS_StatTaskHook
    os_app_hooks.o(i.App_OS_SetAllHooks) refers to os_app_hooks.o(i.App_OS_TaskSwHook) for App_OS_TaskSwHook
    os_app_hooks.o(i.App_OS_SetAllHooks) refers to os_app_hooks.o(i.App_OS_TimeTickHook) for App_OS_TimeTickHook
    system_stm32f4xx.o(i.SystemCoreClockUpdate) refers to system_stm32f4xx.o(.data) for SystemCoreClock
    system_stm32f4xx.o(i.SystemInit) refers to system_stm32f4xx.o(i.SetSysClock) for SetSysClock
    stm32f4xx_rcc.o(i.RCC_GetClocksFreq) refers to stm32f4xx_rcc.o(.data) for APBAHBPrescTable
    stm32f4xx_rcc.o(i.RCC_WaitForHSEStartUp) refers to stm32f4xx_rcc.o(i.RCC_GetFlagStatus) for RCC_GetFlagStatus
    stm32f4xx_gpio.o(i.GPIO_DeInit) refers to stm32f4xx_rcc.o(i.RCC_AHB1PeriphResetCmd) for RCC_AHB1PeriphResetCmd
    stm32f4xx_usart.o(i.USART_DeInit) refers to stm32f4xx_rcc.o(i.RCC_APB2PeriphResetCmd) for RCC_APB2PeriphResetCmd
    stm32f4xx_usart.o(i.USART_DeInit) refers to stm32f4xx_rcc.o(i.RCC_APB1PeriphResetCmd) for RCC_APB1PeriphResetCmd
    stm32f4xx_usart.o(i.USART_Init) refers to stm32f4xx_rcc.o(i.RCC_GetClocksFreq) for RCC_GetClocksFreq
    stm32f4x7_eth.o(i.ETH_CheckFrameReceived) refers to stm32f4x7_eth.o(.data) for DMARxDescToGet
    stm32f4x7_eth.o(i.ETH_DMARxDescChainInit) refers to stm32f4x7_eth.o(.data) for DMARxDescToGet
    stm32f4x7_eth.o(i.ETH_DMARxDescChainInit) refers to stm32f4x7_eth.o(.bss) for RX_Frame_Descriptor
    stm32f4x7_eth.o(i.ETH_DMATxDescChainInit) refers to stm32f4x7_eth.o(.data) for DMATxDescToSet
    stm32f4x7_eth.o(i.ETH_DeInit) refers to stm32f4xx_rcc.o(i.RCC_AHB1PeriphResetCmd) for RCC_AHB1PeriphResetCmd
    stm32f4x7_eth.o(i.ETH_GetRxPktSize) refers to stm32f4x7_eth.o(i.ETH_GetDMARxDescFrameLength) for ETH_GetDMARxDescFrameLength
    stm32f4x7_eth.o(i.ETH_Get_Received_Frame) refers to stm32f4x7_eth.o(.data) for DMARxDescToGet
    stm32f4x7_eth.o(i.ETH_Get_Received_Frame_interrupt) refers to stm32f4x7_eth.o(.data) for DMARxDescToGet
    stm32f4x7_eth.o(i.ETH_Init) refers to stm32f4xx_rcc.o(i.RCC_GetClocksFreq) for RCC_GetClocksFreq
[...]
    i.RCC_GetClocksFreq                      0x08004ae8   Section        0  stm32f4xx_rcc.o(i.RCC_GetClocksFreq)
    i.RS485_Init                             0x08004bd0   Section        0  rs485.o(i.RS485_Init)
    i.SVC_Handler                            0x08004cc4   Section        0  stm32f4xx_it.o(i.SVC_Handler)
    i.SetSysClock                            0x08004cc8   Section        0  system_stm32f4xx.o(i.SetSysClock)
    SetSysClock                              0x08004cc9   Thumb Code   220  system_stm32f4xx.o(i.SetSysClock)
    i.SystemInit                             0x08004db4   Section        0  system_stm32f4xx.o(i.SystemInit)
    i.USART1_IRQHandler                      0x08004e1c   Section        0  debug.o(i.USART1_IRQHandler)
    i.USART2_IRQHandler                      0x08004e3c   Section        0  rs485.o(i.USART2_IRQHandler)
    i.USART_ClearFlag                        0x08004e80   Section        0  stm32f4xx_usart.o(i.USART_ClearFlag)
    i.USART_Cmd                              0x08004e92   Section        0  stm32f4xx_usart.o(i.USART_Cmd)
    i.USART_DMACmd                           0x08004eaa   Section        0  stm32f4xx_usart.o(i.USART_DMACmd)
    i.USART_GetITStatus                      0x08004ebc   Section        0  stm32f4xx_usart.o(i.USART_GetITStatus)
    i.USART_ITConfig                         0x08004f10   Section        0  stm32f4xx_usart.o(i.USART_ITConfig)
    i.USART_Init                             0x08004f5c   Section        0  stm32f4xx_usart.o(i.USART_Init)
    i.USART_ReceiveData                      0x08005030   Section        0  stm32f4xx_usart.o(i.USART_ReceiveData)
    i.UsageFault_Handler                     0x0800503a   Section        0  stm32f4xx_it.o(i.UsageFault_Handler)
    i.Usart_Tx_Config                        0x08005040   Section        0  dma.o(i.Usart_Tx_Config)
    i.__ARM_fpclassify                       0x080050d8   Section        0  fpclassify.o(i.__ARM_fpclassify)
    i.__hardfp_cos                           0x08005108   Section        0  cos.o(i.__hardfp_cos)
    i.__hardfp_exp                           0x080051d0   Section        0  exp.o(i.__hardfp_exp)
    i.__hardfp_sin                           0x08005528   Section        0  sin.o(i.__hardfp_sin)
    i.__ieee754_rem_pio2                     0x080055f0   Section        0  rred.o(i.__ieee754_rem_pio2)
    i.__kernel_cos                           0x08005a28   Section        0  cos_i.o(i.__kernel_cos)
    i.__kernel_poly                          0x08005b98   Section        0  poly.o(i.__kernel_poly)
    i.__kernel_sin                           0x08005c90   Section        0  sin_i.o(i.__kernel_sin)
    i.__mathlib_dbl_infnan                   0x08005dc0   Section        0  dunder.o(i.__mathlib_dbl_infnan)
    i.__mathlib_dbl_invalid                  0x08005dd8   Section        0  dunder.o(i.__mathlib_dbl_invalid)
    i.__mathlib_dbl_overflow                 0x08005df8   Section        0  dunder.o(i.__mathlib_dbl_overflow)
    i.__mathlib_dbl_underflow                0x08005e18   Section        0  dunder.o(i.__mathlib_dbl_underflow)
    i.__scatterload_copy                     0x08005e38   Section       14  handlers.o(i.__scatterload_copy)
    i.__scatterload_null                     0x08005e46   Section        2  handlers.o(i.__scatterload_null)
    i.__scatterload_zeroinit                 0x08005e48   Section       14  handlers.o(i.__scatterload_zeroinit)
    i.__set_errno                            0x08005e58   Section        0  errno.o(i.__set_errno)
    i.debug_init                             0x08005e64   Section        0  debug.o(i.debug_init)
    i.fabs                                   0x08005ef4   Section        0  fabs.o(i.fabs)
    i.main                                   0x08005f0c   Section        0  app.o(i.main)
    .constdata                               0x08005f88   Section      148  os_cfg_app.o(.constdata)
    .constdata                               0x0800601c   Section      364  os_dbg.o(.constdata)
    .constdata                               0x08006188   Section       88  exp.o(.constdata)
    halF                                     0x08006188   Data          16  exp.o(.constdata)
    ln2HI                                    0x08006198   Data          16  exp.o(.constdata)
    ln2LO                                    0x080061a8   Data          16  exp.o(.constdata)
    P                                        0x080061b8   Data          40  exp.o(.constdata)
    .constdata                               0x080061e0   Section       48  cos_i.o(.constdata)
    C                                        0x080061e0   Data          48  cos_i.o(.constdata)
    .constdata                               0x08006210   Section      200  rred.o(.constdata)
    pio2s                                    0x08006210   Data          48  rred.o(.constdata)
    twooverpi                                0x08006240   Data         152  rred.o(.constdata)
    .constdata                               0x080062d8   Section       40  sin_i.o(.constdata)
    S                                        0x080062d8   Data          40  sin_i.o(.constdata)
    .data                                    0x20000000   Section       16  stm32f4xx_rcc.o(.data)
    APBAHBPrescTable                         0x20000000   Data          16  stm32f4xx_rcc.o(.data)
    .data                                    0x20000010   Section       16  stm32f4x7_eth.o(.data)
    .data                                    0x20000020   Section      512  dma.o(.data)
    .data                                    0x20000220   Section        4  cpu_core.o(.data)
    .data                                    0x20000224   Section        4  lib_math.o(.data)
    .data                                    0x20000228   Section        4  lib_mem.o(.data)
    .data                                    0x2000022c   Section        8  os_prio.o(.data)
    .data                                    0x20000234   Section      196  os_var.o(.data)
    .data                                    0x200002f8   Section        4  os_cpu_c.o(.data)
    .data                                    0x200002fc   Section        4  errno.o(.data)
    _errno                                   0x200002fc   Data           4  errno.o(.data)
    .bss                                     0x20000300   Section     2944  app.o(.bss)
    AppTaskStartTCB                          0x20000300   Data         192  app.o(.bss)
    AppTaskStartStk                          0x200003c0   Data         512  app.o(.bss)
    App_TaskEq0FpTCB                         0x200005c0   Data         192  app.o(.bss)
    App_TaskEq0FpStk                         0x20000680   Data        2048  app.o(.bss)
    .bss                                     0x20000e80   Section      512  dma.o(.bss)
    .bss                                     0x20001080   Section       16  cpu_core.o(.bss)
    .bss                                     0x20001090   Section     3092  lib_mem.o(.bss)
    .bss                                     0x20001ca4   Section     3456  os_cfg_app.o(.bss)
    .bss                                     0x20002a24   Section     1596  os_var.o(.bss)
    STACK                                    0x20003060   Section     1024  startup_stm32f40_41xxx.o(STACK)

    Global Symbols

    Symbol Name                              Value     Ov Type        Size  Object(Section)

    BuildAttributes$$THM_ISAv4$E$P$D$K$B$S$7EM$VFPi3$EXTD16$VFPS$VFMA$PE$A:L22UL41UL21$X:L11$S22US41US21$IEEE1$IW$USESV6$~STKCKD$USESV7$~SHL$OTIME$ROPI$IEEEX$EBA8$MICROLIB$REQ8$PRES8$EABIv2 0x00000000   Number         0  anon$$obj.o ABSOLUTE
    __ARM_use_no_argv                        0x00000000   Number         0  app.o ABSOLUTE
    __cpp_initialize__aeabi_                  - Undefined Weak Reference
    __cxa_finalize                            - Undefined Weak Reference
    _clock_init                               - Undefined Weak Reference
    _microlib_exit                            - Undefined Weak Reference
    __Vectors_Size                           0x00000188   Number         0  startup_stm32f40_41xxx.o ABSOLUTE
    __Vectors                                0x08000000   Data           4  startup_stm32f40_41xxx.o(RESET)
    __Vectors_End                            0x08000188   Data           0  startup_stm32f40_41xxx.o(RESET)
    __main                                   0x08000189   Thumb Code     0  entry.o(.ARM.Collect$$$$00000000)
    _main_stk                                0x08000189   Thumb Code     0  entry2.o(.ARM.Collect$$$$00000001)
    _main_scatterload                        0x0800018d   Thumb Code     0  entry5.o(.ARM.Collect$$$$00000004)
    __main_after_scatterload                 0x08000191   Thumb Code     0  entry5.o(.ARM.Collect$$$$00000004)
    _main_clock                              0x08000191   Thumb Code     0  entry7b.o(.ARM.Collect$$$$00000008)
    _main_cpp_init                           0x08000191   Thumb Code     0  entry8b.o(.ARM.Collect$$$$0000000A)
    _main_init                               0x08000191   Thumb Code     0  entry9a.o(.ARM.Collect$$$$0000000B)
    __rt_final_cpp                           0x08000199   Thumb Code     0  entry10a.o(.ARM.Collect$$$$0000000D)
    __rt_final_exit                          0x08000199   Thumb Code     0  entry11a.o(.ARM.Collect$$$$0000000F)
    Reset_Handler                            0x0800019d   Thumb Code    40  startup_stm32f40_41xxx.o(.text)
    ADC_IRQHandler                           0x080001d7   Thumb Code     0  startup_stm32f40_41xxx.o(.text)
    CAN1_RX0_IRQHandler                      0x080001d7   Thumb Code     0  startup_stm32f40_41xxx.o(.text)
    CAN1_RX1_IRQHandler                      0x080001d7   Thumb Code     0  startup_stm32f40_41xxx.o(.text)
    CAN1_SCE_IRQHandler                      0x080001d7   Thumb Code     0  startup_stm32f40_41xxx.o(.text)
    CAN1_TX_IRQHandler                       0x080001d7   Thumb Code     0  startup_stm32f40_41xxx.o(.text)
    CAN2_RX0_IRQHandler                      0x080001d7   Thumb Code     0  startup_stm32f40_41xxx.o(.text)
    CAN2_RX1_IRQHandler                      0x080001d7   Thumb Code     0  startup_stm32f40_41xxx.o(.text)
    CAN2_SCE_IRQHandler                      0x080001d7   Thumb Code     0  startup_stm32f40_41xxx.o(.text)
    CAN2_TX_IRQHandler                       0x080001d7   Thumb Code     0  startup_stm32f40_41xxx.o(.text)
    CRYP_IRQHandler                          0x080001d7   Thumb Code     0  startup_stm32f40_41xxx.o(.text)
    DCMI_IRQHandler                          0x080001d7   Thumb Code     0  startup_stm32f40_41xxx.o(.text)
    DMA1_Stream0_IRQHandler                  0x080001d7   Thumb Code     0  startup_stm32f40_41xxx.o(.text)
    DMA1_Stream1_IRQHandler                  0x080001d7   Thumb Code     0  startup_stm32f40_41xxx.o(.text)
    DMA1_Stream2_IRQHandler                  0x080001d7   Thumb Code     0  startup_stm32f40_41xxx.o(.text)
    DMA1_Stream3_IRQHandler                  0x080001d7   Thumb Code     0  startup_stm32f40_41xxx.o(.text)
    DMA1_Stream4_IRQHandler                  0x080001d7   Thumb Code     0  startup_stm32f40_41xxx.o(.text)
    DMA1_Stream5_IRQHandler                  0x080001d7   Thumb Code     0  startup_stm32f40_41xxx.o(.text)
    DMA1_Stream7_IRQHandler                  0x080001d7   Thumb Code     0  startup_stm32f40_41xxx.o(.text)
    DMA2_Stream0_IRQHandler                  0x080001d7   Thumb Code     0  startup_stm32f40_41xxx.o(.text)
    DMA2_Stream1_IRQHandler                  0x080001d7   Thumb Code     0  startup_stm32f40_41xxx.o(.text)
    DMA2_Stream2_IRQHandler                  0x080001d7   Thumb Code     0  startup_stm32f40_41xxx.o(.text)
    DMA2_Stream3_IRQHandler                  0x080001d7   Thumb Code     0  startup_stm32f40_41xxx.o(.text)
    DMA2_Stream4_IRQHandler                  0x080001d7   Thumb Code     0  startup_stm32f40_41xxx.o(.text)
    DMA2_Stream5_IRQHandler                  0x080001d7   Thumb Code     0  startup_stm32f40_41xxx.o(.text)
    DMA2_Stream6_IRQHandler                  0x080001d7   Thumb Code     0  startup_stm32f40_41xxx.o(.text)
    ETH_WKUP_IRQHandler                      0x080001d7   Thumb Code     0  startup_stm32f40_41xxx.o(.text)
    EXTI0_IRQHandler                         0x080001d7   Thumb Code     0  startup_stm32f40_41xxx.o(.text)
    EXTI15_10_IRQHandler                     0x080001d7   Thumb Code     0  startup_stm32f40_41xxx.o(.text)
    EXTI1_IRQHandler                         0x080001d7   Thumb Code     0  startup_stm32f40_41xxx.o(.text)
    EXTI2_IRQHandler                         0x080001d7   Thumb Code     0  startup_stm32f40_41xxx.o(.text)
    EXTI3_IRQHandler                         0x080001d7   Thumb Code     0  startup_stm32f40_41xxx.o(.text)
    EXTI4_IRQHandler                         0x080001d7   Thumb Code     0  startup_stm32f40_41xxx.o(.text)
    EXTI9_5_IRQHandler                       0x080001d7   Thumb Code     0  startup_stm32f40_41xxx.o(.text)
    FLASH_IRQHandler                         0x080001d7   Thumb Code     0  startup_stm32f40_41xxx.o(.text)
    FPU_IRQHandler                           0x080001d7   Thumb Code     0  startup_stm32f40_41xxx.o(.text)
    FSMC_IRQHandler                          0x080001d7   Thumb Code     0  startup_stm32f40_41xxx.o(.text)
    HASH_RNG_IRQHandler                      0x080001d7   Thumb Code     0  startup_stm32f40_41xxx.o(.text)
    I2C1_ER_IRQHandler                       0x080001d7   Thumb Code     0  startup_stm32f40_41xxx.o(.text)
    I2C1_EV_IRQHandler                       0x080001d7   Thumb Code     0  startup_stm32f40_41xxx.o(.text)
    I2C2_ER_IRQHandler                       0x080001d7   Thumb Code     0  startup_stm32f40_41xxx.o(.text)
    I2C2_EV_IRQHandler                       0x080001d7   Thumb Code     0  startup_stm32f40_41xxx.o(.text)
    I2C3_ER_IRQHandler                       0x080001d7   Thumb Code     0  startup_stm32f40_41xxx.o(.text)
    I2C3_EV_IRQHandler                       0x080001d7   Thumb Code     0  startup_stm32f40_41xxx.o(.text)
    OTG_FS_IRQHandler                        0x080001d7   Thumb Code     0  startup_stm32f40_41xxx.o(.text)
    OTG_FS_WKUP_IRQHandler                   0x080001d7   Thumb Code     0  startup_stm32f40_41xxx.o(.text)
    OTG_HS_EP1_IN_IRQHandler                 0x080001d7   Thumb Code     0  startup_stm32f40_41xxx.o(.text)
    OTG_HS_EP1_OUT_IRQHandler                0x080001d7   Thumb Code     0  startup_stm32f40_41xxx.o(.text)
    OTG_HS_IRQHandler                        0x080001d7   Thumb Code     0  startup_stm32f40_41xxx.o(.text)
    OTG_HS_WKUP_IRQHandler                   0x080001d7   Thumb Code     0  startup_stm32f40_41xxx.o(.text)
    PVD_IRQHandler                           0x080001d7   Thumb Code     0  startup_stm32f40_41xxx.o(.text)
    RCC_IRQHandler                           0x080001d7   Thumb Code     0  startup_stm32f40_41xxx.o(.text)
    RTC_Alarm_IRQHandler                     0x080001d7   Thumb Code     0  startup_stm32f40_41xxx.o(.text)
    RTC_WKUP_IRQHandler                      0x080001d7   Thumb Code     0  startup_stm32f40_41xxx.o(.text)
    SDIO_IRQHandler                          0x080001d7   Thumb Code     0  startup_stm32f40_41xxx.o(.text)
    SPI1_IRQHandler                          0x080001d7   Thumb Code     0  startup_stm32f40_41xxx.o(.text)
    SPI2_IRQHandler                          0x080001d7   Thumb Code     0  startup_stm32f40_41xxx.o(.text)
    SPI3_IRQHandler                          0x080001d7   Thumb Code     0  startup_stm32f40_41xxx.o(.text)
    TAMP_STAMP_IRQHandler                    0x080001d7   Thumb Code     0  startup_stm32f40_41xxx.o(.text)
    TIM1_BRK_TIM9_IRQHandler                 0x080001d7   Thumb Code     0  startup_stm32f40_41xxx.o(.text)
    TIM1_CC_IRQHandler                       0x080001d7   Thumb Code     0  startup_stm32f40_41xxx.o(.text)
    TIM1_TRG_COM_TIM11_IRQHandler            0x080001d7   Thumb Code     0  startup_stm32f40_41xxx.o(.text)
    TIM1_UP_TIM10_IRQHandler                 0x080001d7   Thumb Code     0  startup_stm32f40_41xxx.o(.text)
    TIM2_IRQHandler                          0x080001d7   Thumb Code     0  startup_stm32f40_41xxx.o(.text)
    TIM3_IRQHandler                          0x080001d7   Thumb Code     0  startup_stm32f40_41xxx.o(.text)
    TIM4_IRQHandler                          0x080001d7   Thumb Code     0  startup_stm32f40_41xxx.o(.text)
    TIM5_IRQHandler                          0x080001d7   Thumb Code     0  startup_stm32f40_41xxx.o(.text)
    TIM6_DAC_IRQHandler                      0x080001d7   Thumb Code     0  startup_stm32f40_41xxx.o(.text)
    TIM7_IRQHandler                          0x080001d7   Thumb Code     0  startup_stm32f40_41xxx.o(.text)
    TIM8_BRK_TIM12_IRQHandler                0x080001d7   Thumb Code     0  startup_stm32f40_41xxx.o(.text)
    TIM8_CC_IRQHandler                       0x080001d7   Thumb Code     0  startup_stm32f40_41xxx.o(.text)
    TIM8_TRG_COM_TIM14_IRQHandler            0x080001d7   Thumb Code     0  startup_stm32f40_41xxx.o(.text)
    TIM8_UP_TIM13_IRQHandler                 0x080001d7   Thumb Code     0  startup_stm32f40_41xxx.o(.text)
    UART4_IRQHandler                         0x080001d7   Thumb Code     0  startup_stm32f40_41xxx.o(.text)
    UART5_IRQHandler                         0x080001d7   Thumb Code     0  startup_stm32f40_41xxx.o(.text)
    USART3_IRQHandler                        0x080001d7   Thumb Code     0  startup_stm32f40_41xxx.o(.text)
    USART6_IRQHandler                        0x080001d7   Thumb Code     0  startup_stm32f40_41xxx.o(.text)
    WWDG_IRQHandler                          0x080001d7   Thumb Code     0  startup_stm32f40_41xxx.o(.text)
    CPU_IntDis                               0x080001e9   Thumb Code     0  cpu_a.o(.text)
    CPU_IntEn                                0x080001ed   Thumb Code     0  cpu_a.o(.text)
    CPU_SR_Save                              0x080001f1   Thumb Code     0  cpu_a.o(.text)
    CPU_SR_Restore                           0x080001f9   Thumb Code     0  cpu_a.o(.text)
    CPU_WaitForInt                           0x080001ff   Thumb Code     0  cpu_a.o(.text)
    CPU_WaitForExcept                        0x08000203   Thumb Code     0  cpu_a.o(.text)
    CPU_CntLeadZeros                         0x08000207   Thumb Code     0  cpu_a.o(.text)
    CPU_CntTrailZeros                        0x0800020d   Thumb Code     0  cpu_a.o(.text)
    CPU_RevBits                              0x08000217   Thumb Code     0  cpu_a.o(.text)
    __aeabi_dadd                             0x0800021d   Thumb Code   322  dadd.o(.text)
    __aeabi_dsub                             0x0800035f   Thumb Code     6  dadd.o(.text)
    __aeabi_drsub                            0x08000365   Thumb Code     6  dadd.o(.text)
    __aeabi_dmul                             0x0800036b   Thumb Code   228  dmul.o(.text)
    __aeabi_f2d                              0x0800044f   Thumb Code    38  f2d.o(.text)
    __aeabi_d2f                              0x08000475   Thumb Code    56  d2f.o(.text)
    __aeabi_llsl                             0x080004ad   Thumb Code    30  llshl.o(.text)
    _ll_shift_l                              0x080004ad   Thumb Code     0  llshl.o(.text)
    __aeabi_llsr                             0x080004cb   Thumb Code    32  llushr.o(.text)
    _ll_ushift_r                             0x080004cb   Thumb Code     0  llushr.o(.text)
    __aeabi_lasr                             0x080004eb   Thumb Code    36  llsshr.o(.text)
    _ll_sshift_r                             0x080004eb   Thumb Code     0  llsshr.o(.text)
    __I$use$fp                               0x0800050f   Thumb Code     0  iusefp.o(.text)
    _float_round                             0x0800050f   Thumb Code    18  fepilogue.o(.text)
    _float_epilogue                          0x08000521   Thumb Code    92  fepilogue.o(.text)
    _double_round                            0x0800057d   Thumb Code    30  depilogue.o(.text)
    _double_epilogue                         0x0800059b   Thumb Code   156  depilogue.o(.text)
    __aeabi_ddiv                             0x08000637   Thumb Code   222  ddiv.o(.text)
    __aeabi_i2d                              0x08000715   Thumb Code    34  dflti.o(.text)
    __aeabi_d2iz                             0x08000737   Thumb Code    62  dfixi.o(.text)
    __aeabi_cdcmpeq                          0x08000775   Thumb Code     0  cdcmple.o(.text)
    __aeabi_cdcmple                          0x08000775   Thumb Code    48  cdcmple.o(.text)
    __aeabi_cdrcmple                         0x080007a5   Thumb Code    48  cdrcmple.o(.text)
    __scatterload                            0x080007d5   Thumb Code    28  init.o(.text)
    __scatterload_rt2                        0x080007d5   Thumb Code     0  init.o(.text)
    __aeabi_ui2d                             0x080007f9   Thumb Code    26  dfltui.o(.text)
    __decompress                             0x08000813   Thumb Code     0  __dczerorl2.o(.text)
    __decompress1                            0x08000813   Thumb Code    86  __dczerorl2.o(.text)
    OS_CPU_FP_Reg_Push                       0x08000869   Thumb Code     0  os_cpu_a.o(CODE)
    OS_CPU_FP_Reg_Pop                        0x08000883   Thumb Code     0  os_cpu_a.o(CODE)
    OSStartHighRdy                           0x08000895   Thumb Code     0  os_cpu_a.o(CODE)
    OSCtxSw                                  0x08000905   Thumb Code     0  os_cpu_a.o(CODE)
    OSIntCtxSw                               0x0800090f   Thumb Code     0  os_cpu_a.o(CODE)
    OS_CPU_PendSVHandler                     0x08000919   Thumb Code     0  os_cpu_a.o(CODE)
    BSP_CPU_ClkFreq                          0x08000cc1   Thumb Code    14  bsp.o(i.BSP_CPU_ClkFreq)
    BSP_Init                                 0x08000ccf   Thumb Code    44  bsp.o(i.BSP_Init)
    BSP_IntDisAll                            0x08000cfb   Thumb Code     8  bsp_int.o(i.BSP_IntDisAll)
    BSP_Tick_Init                            0x08000d05   Thumb Code    24  bsp.o(i.BSP_Tick_Init)
    BusFault_Handler                         0x08000d21   Thumb Code     4  stm32f4xx_it.o(i.BusFault_Handler)
    CPU_Init                                 0x08000d25   Thumb Code    12  cpu_core.o(i.CPU_Init)
    CPU_NameClr                              0x08000d31   Thumb Code    42  cpu_core.o(i.CPU_NameClr)
    CPU_SW_Exception                         0x08000d69   Thumb Code     4  cpu_core.o(i.CPU_SW_Exception)
    CPU_TS_TmrFreqSet                        0x08000d81   Thumb Code     6  cpu_core.o(i.CPU_TS_TmrFreqSet)
    CPU_TS_TmrInit                           0x08000d8d   Thumb Code    44  bsp.o(i.CPU_TS_TmrInit)
    CPU_TS_TmrRd                             0x08000dc1   Thumb Code     6  bsp.o(i.CPU_TS_TmrRd)
    DMA1_Stream6_IRQHandler                  0x08000dcd   Thumb Code    42  dma.o(i.DMA1_Stream6_IRQHandler)
    DMA2_Stream7_IRQHandler                  0x08000e05   Thumb Code    42  dma.o(i.DMA2_Stream7_IRQHandler)
    DMA_ClearITPendingBit                    0x08000e3d   Thumb Code    38  stm32f4xx_dma.o(i.DMA_ClearITPendingBit)
    DMA_DeInit                               0x08000e71   Thumb Code   324  stm32f4xx_dma.o(i.DMA_DeInit)
    DMA_GetCmdStatus                         0x08000fc9   Thumb Code    20  stm32f4xx_dma.o(i.DMA_GetCmdStatus)
    DMA_GetITStatus                          0x08000fdd   Thumb Code    82  stm32f4xx_dma.o(i.DMA_GetITStatus)
    DMA_ITConfig                             0x08001041   Thumb Code    58  stm32f4xx_dma.o(i.DMA_ITConfig)
    DMA_Init                                 0x0800107d   Thumb Code    82  stm32f4xx_dma.o(i.DMA_Init)
    DebugMon_Handler                         0x080010d5   Thumb Code     2  stm32f4xx_it.o(i.DebugMon_Handler)
    Debug_Tx_Config                          0x080010d9   Thumb Code   140  dma.o(i.Debug_Tx_Config)
    ETH_CheckFrameReceived                   0x08001171   Thumb Code   190  stm32f4x7_eth.o(i.ETH_CheckFrameReceived)
    ETH_DMAClearITPendingBit                 0x08001239   Thumb Code     6  stm32f4x7_eth.o(i.ETH_DMAClearITPendingBit)
    ETH_Get_Received_Frame                   0x08001245   Thumb Code    82  stm32f4x7_eth.o(i.ETH_Get_Received_Frame)
    ETH_IRQHandler                           0x080012a1   Thumb Code    46  lan8720.o(i.ETH_IRQHandler)
    GPIO_Init                                0x080012cf   Thumb Code   144  stm32f4xx_gpio.o(i.GPIO_Init)
    GPIO_PinAFConfig                         0x0800135f   Thumb Code    70  stm32f4xx_gpio.o(i.GPIO_PinAFConfig)
    GPIO_ReadOutputData                      0x080013a5   Thumb Code     8  stm32f4xx_gpio.o(i.GPIO_ReadOutputData)
    GPIO_ResetBits                           0x080013ad   Thumb Code     4  stm32f4xx_gpio.o(i.GPIO_ResetBits)
    GPIO_SetBits                             0x080013b1   Thumb Code     4  stm32f4xx_gpio.o(i.GPIO_SetBits)
    HardFault_Handler                        0x080013b5   Thumb Code     4  stm32f4xx_it.o(i.HardFault_Handler)
    I2C1_Configuration                       0x080013b9   Thumb Code    64  at24cxx.o(i.I2C1_Configuration)
    I2C1_GPIO_Configuration                  0x08001401   Thumb Code    62  at24cxx.o(i.I2C1_GPIO_Configuration)
    I2C1_Init                                0x08001445   Thumb Code    28  at24cxx.o(i.I2C1_Init)
    I2C_Cmd                                  0x08001461   Thumb Code    24  stm32f4xx_i2c.o(i.I2C_Cmd)
    I2C_DeInit                               0x08001479   Thumb Code    82  stm32f4xx_i2c.o(i.I2C_DeInit)
    I2C_Init                                 0x080014d9   Thumb Code   218  stm32f4xx_i2c.o(i.I2C_Init)
    LED_Init                                 0x080015c1   Thumb Code    70  led.o(i.LED_Init)
    LED_Invert                               0x0800160d   Thumb Code    40  led.o(i.LED_Invert)
    Math_Init                                0x08001639   Thumb Code    10  lib_math.o(i.Math_Init)
    Math_Rand                                0x08001645   Thumb Code    52  lib_math.o(i.Math_Rand)
    Math_RandSeed                            0x0800167d   Thumb Code    18  lib_math.o(i.Math_RandSeed)
    Math_RandSetSeed                         0x08001695   Thumb Code    40  lib_math.o(i.Math_RandSetSeed)
    MemManage_Handler                        0x080016c1   Thumb Code     4  stm32f4xx_it.o(i.MemManage_Handler)
    Mem_Clr                                  0x080016c5   Thumb Code    18  lib_mem.o(i.Mem_Clr)
    Mem_Init                                 0x080016d9   Thumb Code    54  lib_mem.o(i.Mem_Init)
    Mem_SegCreate                            0x08001725   Thumb Code    74  lib_mem.o(i.Mem_SegCreate)
    Mem_Set                                  0x08001791   Thumb Code    84  lib_mem.o(i.Mem_Set)
    NMI_Handler                              0x080017e5   Thumb Code     2  stm32f4xx_it.o(i.NMI_Handler)
    NVIC_Init                                0x080017e9   Thumb Code   106  misc.o(i.NVIC_Init)
    NVIC_PriorityGroupConfig                 0x08001861   Thumb Code    10  misc.o(i.NVIC_PriorityGroupConfig)
    OSCfg_Init                               0x08001875   Thumb Code     2  os_cfg_app.o(i.OSCfg_Init)
    OSIdleTaskHook                           0x08001879   Thumb Code    16  os_cpu_c.o(i.OSIdleTaskHook)
    OSInit                                   0x0800188d   Thumb Code   270  os_core.o(i.OSInit)
    OSInitHook                               0x080019f1   Thumb Code    28  os_cpu_c.o(i.OSInitHook)
    OSIntExit                                0x08001a19   Thumb Code   188  os_core.o(i.OSIntExit)
    OSMutexCreate                            0x08001af5   Thumb Code   102  os_mutex.o(i.OSMutexCreate)
    OSMutexPend                              0x08001b65   Thumb Code   450  os_mutex.o(i.OSMutexPend)
    OSMutexPost                              0x08001d35   Thumb Code   384  os_mutex.o(i.OSMutexPost)
    OSSched                                  0x08001ec1   Thumb Code   134  os_core.o(i.OSSched)
    OSSchedLock                              0x08001f65   Thumb Code    88  os_core.o(i.OSSchedLock)
    OSSchedUnlock                            0x08001fc5   Thumb Code   120  os_core.o(i.OSSchedUnlock)
    OSStart                                  0x08002045   Thumb Code    78  os_core.o(i.OSStart)
    OSStatReset                              0x080020ad   Thumb Code   262  os_stat.o(i.OSStatReset)
    OSStatTaskCPUUsageInit                   0x080021d5   Thumb Code   212  os_stat.o(i.OSStatTaskCPUUsageInit)
    OSStatTaskHook                           0x080022c5   Thumb Code    16  os_cpu_c.o(i.OSStatTaskHook)
    OSTaskCreate                             0x080022d9   Thumb Code   382  os_task.o(i.OSTaskCreate)
    OSTaskCreateHook                         0x08002469   Thumb Code    20  os_cpu_c.o(i.OSTaskCreateHook)
    OSTaskDel                                0x08002481   Thumb Code   380  os_task.o(i.OSTaskDel)
    OSTaskDelHook                            0x08002609   Thumb Code    20  os_cpu_c.o(i.OSTaskDelHook)
    OSTaskResume                             0x08002621   Thumb Code    80  os_task.o(i.OSTaskResume)
    OSTaskReturnHook                         0x08002675   Thumb Code    20  os_cpu_c.o(i.OSTaskReturnHook)
    OSTaskSemPend                            0x0800268d   Thumb Code   446  os_task.o(i.OSTaskSemPend)
    OSTaskSemPost                            0x08002855   Thumb Code    62  os_task.o(i.OSTaskSemPost)
    OSTaskStkChk                             0x08002895   Thumb Code   188  os_task.o(i.OSTaskStkChk)
    OSTaskStkInit                            0x08002955   Thumb Code   600  os_cpu_c.o(i.OSTaskStkInit)
    OSTaskSuspend                            0x08002c19   Thumb Code    32  os_task.o(i.OSTaskSuspend)
    OSTaskSwHook                             0x08002c3d   Thumb Code   168  os_cpu_c.o(i.OSTaskSwHook)
    OSTimeDly                                0x08002cf5   Thumb Code   156  os_time.o(i.OSTimeDly)
    OSTimeDlyHMSM                            0x08002d99   Thumb Code   382  os_time.o(i.OSTimeDlyHMSM)
    OSTimeTick                               0x08002f25   Thumb Code    50  os_time.o(i.OSTimeTick)
    OSTimeTickHook                           0x08002f69   Thumb Code    16  os_cpu_c.o(i.OSTimeTickHook)
    OS_CPU_SysTickHandler                    0x08002f7d   Thumb Code    52  os_cpu_c.o(i.OS_CPU_SysTickHandler)
    OS_CPU_SysTickInit                       0x08002fb5   Thumb Code    44  os_cpu_c.o(i.OS_CPU_SysTickInit)
    OS_Dbg_Init                              0x08002fe5   Thumb Code   146  os_dbg.o(i.OS_Dbg_Init)
    OS_FlagInit                              0x0800318d   Thumb Code    14  os_flag.o(i.OS_FlagInit)
    OS_IdleTask                              0x080031a5   Thumb Code    58  os_core.o(i.OS_IdleTask)
    OS_IdleTaskInit                          0x080031e9   Thumb Code    66  os_core.o(i.OS_IdleTaskInit)
    OS_MemInit                               0x08003259   Thumb Code    14  os_mem.o(i.OS_MemInit)
    OS_MsgPoolInit                           0x08003271   Thumb Code   110  os_msg.o(i.OS_MsgPoolInit)
    OS_MsgQFreeAll                           0x080032ed   Thumb Code    62  os_msg.o(i.OS_MsgQFreeAll)
    OS_MsgQInit                              0x08003331   Thumb Code    14  os_msg.o(i.OS_MsgQInit)
    OS_MutexDbgListAdd                       0x08003341   Thumb Code    38  os_mutex.o(i.OS_MutexDbgListAdd)
    OS_MutexGrpAdd                           0x08003371   Thumb Code     8  os_mutex.o(i.OS_MutexGrpAdd)
    OS_MutexGrpPostAll                       0x08003379   Thumb Code    96  os_mutex.o(i.OS_MutexGrpPostAll)
    OS_MutexGrpPrioFindHighest               0x080033d9   Thumb Code    44  os_mutex.o(i.OS_MutexGrpPrioFindHighest)
    OS_MutexGrpRemove                        0x08003405   Thumb Code    28  os_mutex.o(i.OS_MutexGrpRemove)
    OS_MutexInit                             0x08003421   Thumb Code    14  os_mutex.o(i.OS_MutexInit)
    OS_Pend                                  0x08003439   Thumb Code   100  os_core.o(i.OS_Pend)
    OS_PendDataInit                          0x080034a1   Thumb Code    40  os_core.o(i.OS_PendDataInit)
    OS_PendDbgNameAdd                        0x080034c9   Thumb Code    66  os_core.o(i.OS_PendDbgNameAdd)
    OS_PendDbgNameRemove                     0x08003525   Thumb Code    30  os_core.o(i.OS_PendDbgNameRemove)
    OS_PendListChangePrio                    0x08003549   Thumb Code    58  os_core.o(i.OS_PendListChangePrio)
    OS_PendListInit                          0x08003583   Thumb Code    10  os_core.o(i.OS_PendListInit)
    OS_PendListInsertPrio                    0x0800358d   Thumb Code   102  os_core.o(i.OS_PendListInsertPrio)
    OS_PendListRemove                        0x080035f3   Thumb Code    52  os_core.o(i.OS_PendListRemove)
    OS_PendListRemove1                       0x08003627   Thumb Code    66  os_core.o(i.OS_PendListRemove1)
    OS_Post                                  0x08003669   Thumb Code   214  os_core.o(i.OS_Post)
    OS_Post1                                 0x0800373f   Thumb Code    44  os_core.o(i.OS_Post1)
    OS_PrioGetHighest                        0x0800376d   Thumb Code    36  os_prio.o(i.OS_PrioGetHighest)
    OS_PrioInit                              0x08003795   Thumb Code    20  os_prio.o(i.OS_PrioInit)
    OS_PrioInsert                            0x080037ad   Thumb Code    32  os_prio.o(i.OS_PrioInsert)
    OS_PrioRemove                            0x080037d1   Thumb Code    32  os_prio.o(i.OS_PrioRemove)
    OS_QInit                                 0x080037f5   Thumb Code    14  os_q.o(i.OS_QInit)
    OS_RdyListInit                           0x0800380d   Thumb Code    32  os_core.o(i.OS_RdyListInit)
    OS_RdyListInsert                         0x08003831   Thumb Code    40  os_core.o(i.OS_RdyListInsert)
    OS_RdyListInsertHead                     0x0800385d   Thumb Code    58  os_core.o(i.OS_RdyListInsertHead)
    OS_RdyListInsertTail                     0x0800389d   Thumb Code    56  os_core.o(i.OS_RdyListInsertTail)
    OS_RdyListRemove                         0x080038d9   Thumb Code    86  os_core.o(i.OS_RdyListRemove)
    OS_SchedLockTimeMeasStart                0x08003935   Thumb Code    20  os_core.o(i.OS_SchedLockTimeMeasStart)
    OS_SchedLockTimeMeasStop                 0x08003951   Thumb Code    44  os_core.o(i.OS_SchedLockTimeMeasStop)
    OS_SemInit                               0x0800398d   Thumb Code    14  os_sem.o(i.OS_SemInit)
    OS_StatTask                              0x080039a5   Thumb Code   684  os_stat.o(i.OS_StatTask)
    OS_StatTaskInit                          0x08003c8d   Thumb Code   136  os_stat.o(i.OS_StatTaskInit)
    OS_TaskBlock                             0x08003d59   Thumb Code    40  os_core.o(i.OS_TaskBlock)
    OS_TaskChangePrio                        0x08003d85   Thumb Code   232  os_task.o(i.OS_TaskChangePrio)
    OS_TaskDbgListAdd                        0x08003e71   Thumb Code    42  os_task.o(i.OS_TaskDbgListAdd)
    OS_TaskDbgListRemove                     0x08003ea1   Thumb Code    64  os_task.o(i.OS_TaskDbgListRemove)
    OS_TaskInit                              0x08003ee5   Thumb Code    18  os_task.o(i.OS_TaskInit)
    OS_TaskInitTCB                           0x08003f05   Thumb Code   176  os_task.o(i.OS_TaskInitTCB)
    OS_TaskResume                            0x08003fc1   Thumb Code   256  os_task.o(i.OS_TaskResume)
    OS_TaskReturn                            0x080040c1   Thumb Code    20  os_task.o(i.OS_TaskReturn)
    OS_TaskSemPost                           0x080040d9   Thumb Code   448  os_task.o(i.OS_TaskSemPost)
    OS_TaskSuspend                           0x0800429d   Thumb Code   272  os_task.o(i.OS_TaskSuspend)
    OS_TickListInsert                        0x080043b5   Thumb Code   134  os_tick.o(i.OS_TickListInsert)
    OS_TickListInsertDly                     0x0800443d   Thumb Code   180  os_tick.o(i.OS_TickListInsertDly)
    OS_TickListRemove                        0x080044f9   Thumb Code    88  os_tick.o(i.OS_TickListRemove)
    OS_TickListResetPeak                     0x08004551   Thumb Code     2  os_tick.o(i.OS_TickListResetPeak)
    OS_TickTask                              0x08004701   Thumb Code    90  os_tick.o(i.OS_TickTask)
    OS_TickTaskInit                          0x08004765   Thumb Code   140  os_tick.o(i.OS_TickTaskInit)
    OS_TmrInit                               0x0800482d   Thumb Code   200  os_tmr.o(i.OS_TmrInit)
    OS_TmrResetPeak                          0x08004979   Thumb Code     2  os_tmr.o(i.OS_TmrResetPeak)
    OS_TmrTask                               0x0800497d   Thumb Code   134  os_tmr.o(i.OS_TmrTask)
    OS_TmrUnlink                             0x08004a11   Thumb Code    58  os_tmr.o(i.OS_TmrUnlink)
    RCC_AHB1PeriphClockCmd                   0x08004a69   Thumb Code    26  stm32f4xx_rcc.o(i.RCC_AHB1PeriphClockCmd)
    RCC_APB1PeriphClockCmd                   0x08004a89   Thumb Code    26  stm32f4xx_rcc.o(i.RCC_APB1PeriphClockCmd)
    RCC_APB1PeriphResetCmd                   0x08004aa9   Thumb Code    26  stm32f4xx_rcc.o(i.RCC_APB1PeriphResetCmd)
    RCC_APB2PeriphClockCmd                   0x08004ac9   Thumb Code    26  stm32f4xx_rcc.o(i.RCC_APB2PeriphClockCmd)
    RCC_GetClocksFreq                        0x08004ae9   Thumb Code   214  stm32f4xx_rcc.o(i.RCC_GetClocksFreq)
    RS485_Init                               0x08004bd1   Thumb Code   230  rs485.o(i.RS485_Init)
    SVC_Handler                              0x08004cc5   Thumb Code     2  stm32f4xx_it.o(i.SVC_Handler)
    SystemInit                               0x08004db5   Thumb Code    88  system_stm32f4xx.o(i.SystemInit)
    USART1_IRQHandler                        0x08004e1d   Thumb Code    28  debug.o(i.USART1_IRQHandler)
    USART2_IRQHandler                        0x08004e3d   Thumb Code    58  rs485.o(i.USART2_IRQHandler)
    USART_ClearFlag                          0x08004e81   Thumb Code    18  stm32f4xx_usart.o(i.USART_ClearFlag)
    USART_Cmd                                0x08004e93   Thumb Code    24  stm32f4xx_usart.o(i.USART_Cmd)
    USART_DMACmd                             0x08004eab   Thumb Code    18  stm32f4xx_usart.o(i.USART_DMACmd)
    USART_GetITStatus                        0x08004ebd   Thumb Code    84  stm32f4xx_usart.o(i.USART_GetITStatus)
    USART_ITConfig                           0x08004f11   Thumb Code    74  stm32f4xx_usart.o(i.USART_ITConfig)
    USART_Init                               0x08004f5d   Thumb Code   204  stm32f4xx_usart.o(i.USART_Init)
    USART_ReceiveData                        0x08005031   Thumb Code    10  stm32f4xx_usart.o(i.USART_ReceiveData)
    UsageFault_Handler                       0x0800503b   Thumb Code     4  stm32f4xx_it.o(i.UsageFault_Handler)
    Usart_Tx_Config                          0x08005041   Thumb Code   140  dma.o(i.Usart_Tx_Config)
    __ARM_fpclassify                         0x080050d9   Thumb Code    48  fpclassify.o(i.__ARM_fpclassify)
    __hardfp_cos                             0x08005109   Thumb Code   180  cos.o(i.__hardfp_cos)
    __hardfp_exp                             0x080051d1   Thumb Code   714  exp.o(i.__hardfp_exp)
    __hardfp_sin                             0x08005529   Thumb Code   180  sin.o(i.__hardfp_sin)
    __ieee754_rem_pio2                       0x080055f1   Thumb Code   938  rred.o(i.__ieee754_rem_pio2)
    __kernel_cos                             0x08005a29   Thumb Code   322  cos_i.o(i.__kernel_cos)
    __kernel_poly                            0x08005b99   Thumb Code   248  poly.o(i.__kernel_poly)
    __kernel_sin                             0x08005c91   Thumb Code   280  sin_i.o(i.__kernel_sin)
    __mathlib_dbl_infnan                     0x08005dc1   Thumb Code    20  dunder.o(i.__mathlib_dbl_infnan)
    __mathlib_dbl_invalid                    0x08005dd9   Thumb Code    24  dunder.o(i.__mathlib_dbl_invalid)
    __mathlib_dbl_overflow                   0x08005df9   Thumb Code    24  dunder.o(i.__mathlib_dbl_overflow)
    __mathlib_dbl_underflow                  0x08005e19   Thumb Code    24  dunder.o(i.__mathlib_dbl_underflow)
    __scatterload_copy                       0x08005e39   Thumb Code    14  handlers.o(i.__scatterload_copy)
    __scatterload_null                       0x08005e47   Thumb Code     2  handlers.o(i.__scatterload_null)
    __scatterload_zeroinit                   0x08005e49   Thumb Code    14  handlers.o(i.__scatterload_zeroinit)
    __set_errno                              0x08005e59   Thumb Code     6  errno.o(i.__set_errno)
    debug_init                               0x08005e65   Thumb Code   136  debug.o(i.debug_init)
    fabs                                     0x08005ef5   Thumb Code    24  fabs.o(i.fabs)
    main                                     0x08005f0d   Thumb Code    94  app.o(i.main)
    OSCfg_IdleTaskStkBasePtr                 0x08005f88   Data           4  os_cfg_app.o(.constdata)
    OSCfg_IdleTaskStkLimit                   0x08005f8c   Data           4  os_cfg_app.o(.constdata)
    OSCfg_IdleTaskStkSize                    0x08005f90   Data           4  os_cfg_app.o(.constdata)
    OSCfg_IdleTaskStkSizeRAM                 0x08005f94   Data           4  os_cfg_app.o(.constdata)
    OSCfg_IntQBasePtr                        0x08005f98   Data           4  os_cfg_app.o(.constdata)
    OSCfg_IntQSize                           0x08005f9c   Data           2  os_cfg_app.o(.constdata)
    OSCfg_IntQSizeRAM                        0x08005fa0   Data           4  os_cfg_app.o(.constdata)
    OSCfg_IntQTaskStkBasePtr                 0x08005fa4   Data           4  os_cfg_app.o(.constdata)
    OSCfg_IntQTaskStkLimit                   0x08005fa8   Data           4  os_cfg_app.o(.constdata)
    OSCfg_IntQTaskStkSize                    0x08005fac   Data           4  os_cfg_app.o(.constdata)
    OSCfg_IntQTaskStkSizeRAM                 0x08005fb0   Data           4  os_cfg_app.o(.constdata)
    OSCfg_ISRStkBasePtr                      0x08005fb4   Data           4  os_cfg_app.o(.constdata)
    OSCfg_ISRStkSize                         0x08005fb8   Data           4  os_cfg_app.o(.constdata)
    OSCfg_ISRStkSizeRAM                      0x08005fbc   Data           4  os_cfg_app.o(.constdata)
    OSCfg_MsgPoolSize                        0x08005fc0   Data           2  os_cfg_app.o(.constdata)
    OSCfg_MsgPoolSizeRAM                     0x08005fc4   Data           4  os_cfg_app.o(.constdata)
    OSCfg_MsgPoolBasePtr                     0x08005fc8   Data           4  os_cfg_app.o(.constdata)
    OSCfg_StatTaskPrio                       0x08005fcc   Data           1  os_cfg_app.o(.constdata)
    OSCfg_StatTaskRate_Hz                    0x08005fd0   Data           4  os_cfg_app.o(.constdata)
    OSCfg_StatTaskStkBasePtr                 0x08005fd4   Data           4  os_cfg_app.o(.constdata)
    OSCfg_StatTaskStkLimit                   0x08005fd8   Data           4  os_cfg_app.o(.constdata)
    OSCfg_StatTaskStkSize                    0x08005fdc   Data           4  os_cfg_app.o(.constdata)
    OSCfg_StatTaskStkSizeRAM                 0x08005fe0   Data           4  os_cfg_app.o(.constdata)
    OSCfg_StkSizeMin                         0x08005fe4   Data           4  os_cfg_app.o(.constdata)
    OSCfg_TickRate_Hz                        0x08005fe8   Data           4  os_cfg_app.o(.constdata)
    OSCfg_TickTaskPrio                       0x08005fec   Data           1  os_cfg_app.o(.constdata)
    OSCfg_TickTaskStkBasePtr                 0x08005ff0   Data           4  os_cfg_app.o(.constdata)
    OSCfg_TickTaskStkLimit                   0x08005ff4   Data           4  os_cfg_app.o(.constdata)
    OSCfg_TickTaskStkSize                    0x08005ff8   Data           4  os_cfg_app.o(.constdata)
    OSCfg_TickTaskStkSizeRAM                 0x08005ffc   Data           4  os_cfg_app.o(.constdata)
    OSCfg_TmrTaskPrio                        0x08006000   Data           1  os_cfg_app.o(.constdata)
    OSCfg_TmrTaskRate_Hz                     0x08006004   Data           4  os_cfg_app.o(.constdata)
    OSCfg_TmrTaskStkBasePtr                  0x08006008   Data           4  os_cfg_app.o(.constdata)
    OSCfg_TmrTaskStkLimit                    0x0800600c   Data           4  os_cfg_app.o(.constdata)
    OSCfg_TmrTaskStkSize                     0x08006010   Data           4  os_cfg_app.o(.constdata)
    OSCfg_TmrTaskStkSizeRAM                  0x08006014   Data           4  os_cfg_app.o(.constdata)
    OSCfg_DataSizeRAM                        0x08006018   Data           4  os_cfg_app.o(.constdata)
    OSDbg_DbgEn                              0x0800601c   Data           1  os_dbg.o(.constdata)
    OSDbg_ArgChkEn                           0x0800601d   Data           1  os_dbg.o(.constdata)
    OSDbg_AppHooksEn                         0x0800601e   Data           1  os_dbg.o(.constdata)
    OSDbg_EndiannessTest                     0x08006020   Data           4  os_dbg.o(.constdata)
    OSDbg_CalledFromISRChkEn                 0x08006024   Data           1  os_dbg.o(.constdata)
    OSDbg_FlagEn                             0x08006025   Data           1  os_dbg.o(.constdata)
    OSDbg_FlagGrp                            0x08006028   Data          40  os_dbg.o(.constdata)
    OSDbg_FlagDelEn                          0x08006050   Data           1  os_dbg.o(.constdata)
    OSDbg_FlagModeClrEn                      0x08006051   Data           1  os_dbg.o(.constdata)
    OSDbg_FlagPendAbortEn                    0x08006052   Data           1  os_dbg.o(.constdata)
    OSDbg_FlagGrpSize                        0x08006054   Data           2  os_dbg.o(.constdata)
    OSDbg_FlagWidth                          0x08006056   Data           2  os_dbg.o(.constdata)
    OSDbg_IntQ                               0x08006058   Data           2  os_dbg.o(.constdata)
    OSDbg_ISRPostDeferredEn                  0x0800605a   Data           1  os_dbg.o(.constdata)
    OSDbg_Mem                                0x0800605c   Data          32  os_dbg.o(.constdata)
    OSDbg_MemEn                              0x0800607c   Data           1  os_dbg.o(.constdata)
    OSDbg_MemSize                            0x0800607e   Data           2  os_dbg.o(.constdata)
    OSDbg_MsgEn                              0x08006080   Data           1  os_dbg.o(.constdata)
    OSDbg_MsgSize                            0x08006082   Data           2  os_dbg.o(.constdata)
    OSDbg_MsgPoolSize                        0x08006084   Data           2  os_dbg.o(.constdata)
    OSDbg_MsgQSize                           0x08006086   Data           2  os_dbg.o(.constdata)
    OSDbg_Mutex                              0x08006088   Data          48  os_dbg.o(.constdata)
    OSDbg_MutexEn                            0x080060b8   Data           1  os_dbg.o(.constdata)
    OSDbg_MutexDelEn                         0x080060b9   Data           1  os_dbg.o(.constdata)
    OSDbg_MutexPendAbortEn                   0x080060ba   Data           1  os_dbg.o(.constdata)
    OSDbg_MutexSize                          0x080060bc   Data           2  os_dbg.o(.constdata)
    OSDbg_ObjTypeChkEn                       0x080060be   Data           1  os_dbg.o(.constdata)
    OSDbg_PendMultiEn                        0x080060bf   Data           1  os_dbg.o(.constdata)
    OSDbg_PendDataSize                       0x080060c0   Data           2  os_dbg.o(.constdata)
    OSDbg_PendListSize                       0x080060c2   Data           2  os_dbg.o(.constdata)
    OSDbg_PendObjSize                        0x080060c4   Data           2  os_dbg.o(.constdata)
    OSDbg_PrioMax                            0x080060c6   Data           2  os_dbg.o(.constdata)
    OSDbg_PrioTblSize                        0x080060c8   Data           2  os_dbg.o(.constdata)
    OSDbg_PtrSize                            0x080060ca   Data           2  os_dbg.o(.constdata)
    OSDbg_Q                                  0x080060cc   Data          48  os_dbg.o(.constdata)
    OSDbg_QEn                                0x080060fc   Data           1  os_dbg.o(.constdata)
    OSDbg_QDelEn                             0x080060fd   Data           1  os_dbg.o(.constdata)
    OSDbg_QFlushEn                           0x080060fe   Data           1  os_dbg.o(.constdata)
    OSDbg_QPendAbortEn                       0x080060ff   Data           1  os_dbg.o(.constdata)
    OSDbg_QSize                              0x08006100   Data           2  os_dbg.o(.constdata)
    OSDbg_SchedRoundRobinEn                  0x08006102   Data           1  os_dbg.o(.constdata)
    OSDbg_Sem                                0x08006104   Data          40  os_dbg.o(.constdata)
    OSDbg_SemEn                              0x0800612c   Data           1  os_dbg.o(.constdata)
    OSDbg_SemDelEn                           0x0800612d   Data           1  os_dbg.o(.constdata)
    OSDbg_SemPendAbortEn                     0x0800612e   Data           1  os_dbg.o(.constdata)
    OSDbg_SemSetEn                           0x0800612f   Data           1  os_dbg.o(.constdata)
    OSDbg_SemSize                            0x08006130   Data           2  os_dbg.o(.constdata)
    OSDbg_RdyList                            0x08006132   Data           2  os_dbg.o(.constdata)
    OSDbg_RdyListSize                        0x08006134   Data           4  os_dbg.o(.constdata)
    OSDbg_StkWidth                           0x08006138   Data           1  os_dbg.o(.constdata)
    OSDbg_StatTaskEn                         0x08006139   Data           1  os_dbg.o(.constdata)
    OSDbg_StatTaskStkChkEn                   0x0800613a   Data           1  os_dbg.o(.constdata)
    OSDbg_TaskChangePrioEn                   0x0800613b   Data           1  os_dbg.o(.constdata)
    OSDbg_TaskDelEn                          0x0800613c   Data           1  os_dbg.o(.constdata)
    OSDbg_TaskQEn                            0x0800613d   Data           1  os_dbg.o(.constdata)
    OSDbg_TaskQPendAbortEn                   0x0800613e   Data           1  os_dbg.o(.constdata)
    OSDbg_TaskProfileEn                      0x0800613f   Data           1  os_dbg.o(.constdata)
    OSDbg_TaskRegTblSize                     0x08006140   Data           2  os_dbg.o(.constdata)
    OSDbg_TaskSemPendAbortEn                 0x08006142   Data           1  os_dbg.o(.constdata)
    OSDbg_TaskSuspendEn                      0x08006143   Data           1  os_dbg.o(.constdata)
    OSDbg_TCBSize                            0x08006144   Data           2  os_dbg.o(.constdata)
    OSDbg_TickListSize                       0x08006146   Data           2  os_dbg.o(.constdata)
    OSDbg_TimeDlyHMSMEn                      0x08006148   Data           1  os_dbg.o(.constdata)
    OSDbg_TimeDlyResumeEn                    0x08006149   Data           1  os_dbg.o(.constdata)
    OSDbg_TLS_TblSize                        0x0800614a   Data           2  os_dbg.o(.constdata)
    OSDbg_Tmr                                0x0800614c   Data          48  os_dbg.o(.constdata)
    OSDbg_TmrEn                              0x0800617c   Data           1  os_dbg.o(.constdata)
    OSDbg_TmrDelEn                           0x0800617d   Data           1  os_dbg.o(.constdata)
    OSDbg_TmrSize                            0x0800617e   Data           2  os_dbg.o(.constdata)
    OSDbg_VersionNbr                         0x08006180   Data           2  os_dbg.o(.constdata)
    OSDbg_DataSize                           0x08006184   Data           4  os_dbg.o(.constdata)
    Region$$Table$$Base                      0x08006300   Number         0  anon$$obj.o(Region$$Table)
    Region$$Table$$Limit                     0x08006320   Number         0  anon$$obj.o(Region$$Table)
    DMATxDescToSet                           0x20000010   Data           4  stm32f4x7_eth.o(.data)
    DMARxDescToGet                           0x20000014   Data           4  stm32f4x7_eth.o(.data)
    DMA_RX_FRAME_infos                       0x20000018   Data           4  stm32f4x7_eth.o(.data)
    Frame_Rx_index                           0x2000001c   Data           4  stm32f4x7_eth.o(.data)
    OutputBuffer                             0x20000020   Data         512  dma.o(.data)
    CPU_TS_TmrFreq_Hz                        0x20000220   Data           4  cpu_core.o(.data)
    Math_RandSeedCur                         0x20000224   Data           4  lib_math.o(.data)
    Mem_SegHeadPtr                           0x20000228   Data           4  lib_mem.o(.data)
    OSPrioTbl                                0x2000022c   Data           8  os_prio.o(.data)
    OS_AppTaskCreateHookPtr                  0x20000234   Data           4  os_var.o(.data)
    OS_AppTaskDelHookPtr                     0x20000238   Data           4  os_var.o(.data)
    OS_AppTaskReturnHookPtr                  0x2000023c   Data           4  os_var.o(.data)
    OS_AppIdleTaskHookPtr                    0x20000240   Data           4  os_var.o(.data)
    OS_AppStatTaskHookPtr                    0x20000244   Data           4  os_var.o(.data)
    OS_AppTaskSwHookPtr                      0x20000248   Data           4  os_var.o(.data)
    OS_AppTimeTickHookPtr                    0x2000024c   Data           4  os_var.o(.data)
    OSIdleTaskCtr                            0x20000250   Data           4  os_var.o(.data)
    OSIntNestingCtr                          0x20000254   Data           1  os_var.o(.data)
    OSRunning                                0x20000255   Data           1  os_var.o(.data)
    OSFlagDbgListPtr                         0x20000258   Data           4  os_var.o(.data)
    OSFlagQty                                0x2000025c   Data           2  os_var.o(.data)
    OSMemDbgListPtr                          0x20000260   Data           4  os_var.o(.data)
    OSMemQty                                 0x20000264   Data           2  os_var.o(.data)
    OSMutexDbgListPtr                        0x20000268   Data           4  os_var.o(.data)
    OSMutexQty                               0x2000026c   Data           2  os_var.o(.data)
    OSPrioCur                                0x2000026e   Data           1  os_var.o(.data)
    OSPrioHighRdy                            0x2000026f   Data           1  os_var.o(.data)
    OSPrioSaved                              0x20000270   Data           1  os_var.o(.data)
    OSQDbgListPtr                            0x20000274   Data           4  os_var.o(.data)
    OSQQty                                   0x20000278   Data           2  os_var.o(.data)
    OSSchedLockTimeBegin                     0x2000027c   Data           4  os_var.o(.data)
    OSSchedLockTimeMax                       0x20000280   Data           4  os_var.o(.data)
    OSSchedLockTimeMaxCur                    0x20000284   Data           4  os_var.o(.data)
    OSSchedLockNestingCtr                    0x20000288   Data           1  os_var.o(.data)
    OSSemDbgListPtr                          0x2000028c   Data           4  os_var.o(.data)
    OSSemQty                                 0x20000290   Data           2  os_var.o(.data)
    OSStatResetFlag                          0x20000292   Data           1  os_var.o(.data)
    OSStatTaskCPUUsage                       0x20000294   Data           2  os_var.o(.data)
    OSStatTaskCPUUsageMax                    0x20000296   Data           2  os_var.o(.data)
    OSStatTaskCtr                            0x20000298   Data           4  os_var.o(.data)
    OSStatTaskCtrMax                         0x2000029c   Data           4  os_var.o(.data)
    OSStatTaskCtrRun                         0x200002a0   Data           4  os_var.o(.data)
    OSStatTaskRdy                            0x200002a4   Data           1  os_var.o(.data)
    OSStatTaskTimeMax                        0x200002a8   Data           4  os_var.o(.data)
    OSTaskCtxSwCtr                           0x200002ac   Data           4  os_var.o(.data)
    OSTaskDbgListPtr                         0x200002b0   Data           4  os_var.o(.data)
    OSTaskQty                                0x200002b4   Data           2  os_var.o(.data)
    OSTaskRegNextAvailID                     0x200002b6   Data           1  os_var.o(.data)
    OSTickCtr                                0x200002b8   Data           4  os_var.o(.data)
    OSTickTaskTimeMax                        0x200002bc   Data           4  os_var.o(.data)
    OSTickListDly                            0x200002c0   Data           8  os_var.o(.data)
    OSTickListTimeout                        0x200002c8   Data           8  os_var.o(.data)
    OSTmrDbgListPtr                          0x200002d0   Data           4  os_var.o(.data)
    OSTmrListEntries                         0x200002d4   Data           2  os_var.o(.data)
    OSTmrListPtr                             0x200002d8   Data           4  os_var.o(.data)
    OSTmrQty                                 0x200002dc   Data           2  os_var.o(.data)
    OSTmrTaskTimeMax                         0x200002e0   Data           4  os_var.o(.data)
    OSTmrTickCtr                             0x200002e4   Data           4  os_var.o(.data)
    OSTmrUpdateCnt                           0x200002e8   Data           4  os_var.o(.data)
    OSTmrUpdateCtr                           0x200002ec   Data           4  os_var.o(.data)
    OSTCBCurPtr                              0x200002f0   Data           4  os_var.o(.data)
    OSTCBHighRdyPtr                          0x200002f4   Data           4  os_var.o(.data)
    OS_CPU_ExceptStkBase                     0x200002f8   Data           4  os_cpu_c.o(.data)
    DebugBuffer                              0x20000e80   Data         512  dma.o(.bss)
    CPU_Name                                 0x20001080   Data          16  cpu_core.o(.bss)
    Mem_Heap                                 0x20001090   Data        3072  lib_mem.o(.bss)
    Mem_SegHeap                              0x20001c90   Data          20  lib_mem.o(.bss)
    OSCfg_IdleTaskStk                        0x20001ca4   Data         256  os_cfg_app.o(.bss)
    OSCfg_ISRStk                             0x20001da4   Data         400  os_cfg_app.o(.bss)
    OSCfg_MsgPool                            0x20001f34   Data        1600  os_cfg_app.o(.bss)
    OSCfg_StatTaskStk                        0x20002574   Data         400  os_cfg_app.o(.bss)
    OSCfg_TickTaskStk                        0x20002704   Data         400  os_cfg_app.o(.bss)
    OSCfg_TmrTaskStk                         0x20002894   Data         400  os_cfg_app.o(.bss)
    OSIdleTaskTCB                            0x20002a24   Data         192  os_var.o(.bss)
    OSMsgPool                                0x20002ae4   Data          12  os_var.o(.bss)
    OSRdyList                                0x20002af0   Data         768  os_var.o(.bss)
    OSStatTaskTCB                            0x20002df0   Data         192  os_var.o(.bss)
    OSTickTaskTCB                            0x20002eb0   Data         192  os_var.o(.bss)
    OSTmrMutex                               0x20002f70   Data          48  os_var.o(.bss)
    OSTmrTaskTCB                             0x20002fa0   Data         192  os_var.o(.bss)
    __initial_sp                             0x20003460   Data           0  startup_stm32f40_41xxx.o(STACK)



==============================================================================

Memory Map of the image

  Image Entry point : 0x08000189

  Load Region LR_IROM1 (Base: 0x08000000, Size: 0x00006620, Max: 0x00100000, ABSOLUTE, COMPRESSED[0x0000633c])

    Execution Region ER_IROM1 (Exec base: 0x08000000, Load base: 0x08000000, Size: 0x00006320, Max: 0x00100000, ABSOLUTE)

    Exec Addr    Load Addr    Size         Type   Attr      Idx    E Section Name        Object

    0x08000000   0x08000000   0x00000188   Data   RO         2077    RESET               startup_stm32f40_41xxx.o
    0x08000188   0x08000188   0x00000000   Code   RO         4927  * .ARM.Collect$$$$00000000  mc_w.l(entry.o)
    0x08000188   0x08000188   0x00000004   Code   RO         4973    .ARM.Collect$$$$00000001  mc_w.l(entry2.o)
    0x0800018c   0x0800018c   0x00000004   Code   RO         4976    .ARM.Collect$$$$00000004  mc_w.l(entry5.o)
    0x08000190   0x08000190   0x00000000   Code   RO         4978    .ARM.Collect$$$$00000008  mc_w.l(entry7b.o)
    0x08000190   0x08000190   0x00000000   Code   RO         4980    .ARM.Collect$$$$0000000A  mc_w.l(entry8b.o)
    0x08000190   0x08000190   0x00000008   Code   RO         4981    .ARM.Collect$$$$0000000B  mc_w.l(entry9a.o)
    0x08000198   0x08000198   0x00000000   Code   RO         4983    .ARM.Collect$$$$0000000D  mc_w.l(entry10a.o)
    0x08000198   0x08000198   0x00000000   Code   RO         4985    .ARM.Collect$$$$0000000F  mc_w.l(entry11a.o)
    0x08000198   0x08000198   0x00000004   Code   RO         4974    .ARM.Collect$$$$00002712  mc_w.l(entry2.o)
    0x0800019c   0x0800019c   0x0000004c   Code   RO         2078    .text               startup_stm32f40_41xxx.o
    0x080001e8   0x080001e8   0x00000034   Code   RO         3180    .text               cpu_a.o
    0x0800021c   0x0800021c   0x0000014e   Code   RO         4932    .text               mf_w.l(dadd.o)
    0x0800036a   0x0800036a   0x000000e4   Code   RO         4934    .text               mf_w.l(dmul.o)
    0x0800044e   0x0800044e   0x00000026   Code   RO         4936    .text               mf_w.l(f2d.o)
    0x08000474   0x08000474   0x00000038   Code   RO         4938    .text               mf_w.l(d2f.o)
    0x080004ac   0x080004ac   0x0000001e   Code   RO         4987    .text               mc_w.l(llshl.o)
    0x080004ca   0x080004ca   0x00000020   Code   RO         4989    .text               mc_w.l(llushr.o)
    0x080004ea   0x080004ea   0x00000024   Code   RO         4991    .text               mc_w.l(llsshr.o)
    0x0800050e   0x0800050e   0x00000000   Code   RO         5000    .text               mc_w.l(iusefp.o)
    0x0800050e   0x0800050e   0x0000006e   Code   RO         5001    .text               mf_w.l(fepilogue.o)
    0x0800057c   0x0800057c   0x000000ba   Code   RO         5003    .text               mf_w.l(depilogue.o)
    0x08000636   0x08000636   0x000000de   Code   RO         5005    .text               mf_w.l(ddiv.o)
    0x08000714   0x08000714   0x00000022   Code   RO         5009    .text               mf_w.l(dflti.o)
    0x08000736   0x08000736   0x0000003e   Code   RO         5011    .text               mf_w.l(dfixi.o)
    0x08000774   0x08000774   0x00000030   Code   RO         5013    .text               mf_w.l(cdcmple.o)
    0x080007a4   0x080007a4   0x00000030   Code   RO         5015    .text               mf_w.l(cdrcmple.o)
    0x080007d4   0x080007d4   0x00000024   Code   RO         5023    .text               mc_w.l(init.o)
    0x080007f8   0x080007f8   0x0000001a   Code   RO         5025    .text               mf_w.l(dfltui.o)
    0x08000812   0x08000812   0x00000056   Code   RO         5035    .text               mc_w.l(__dczerorl2.o)
    0x08000868   0x08000868   0x0000010c   Code   RO         4801    CODE                os_cpu_a.o
    0x08000974   0x08000974   0x00000058   Code   RO            4    i.AppTaskCreate     app.o
    0x080009cc   0x080009cc   0x00000048   Code   RO            5    i.AppTaskStart      app.o
    0x08000a14   0x08000a14   0x000002ac   Code   RO            6    i.App_TaskEq0Fp     app.o
    0x08000cc0   0x08000cc0   0x0000000e   Code   RO         2335    i.BSP_CPU_ClkFreq   bsp.o
    0x08000cce   0x08000cce   0x0000002c   Code   RO         2336    i.BSP_Init          bsp.o
    0x08000cfa   0x08000cfa   0x00000008   Code   RO         2405    i.BSP_IntDisAll     bsp_int.o
    0x08000d02   0x08000d02   0x00000002   PAD
    0x08000d04   0x08000d04   0x0000001c   Code   RO         2337    i.BSP_Tick_Init     bsp.o
    0x08000d20   0x08000d20   0x00000004   Code   RO          317    i.BusFault_Handler  stm32f4xx_it.o
    0x08000d24   0x08000d24   0x0000000c   Code   RO         3062    i.CPU_Init          cpu_core.o
    0x08000d30   0x08000d30   0x00000030   Code   RO         3063    i.CPU_NameClr       cpu_core.o
    0x08000d60   0x08000d60   0x00000008   Code   RO         3065    i.CPU_NameInit      cpu_core.o
    0x08000d68   0x08000d68   0x00000004   Code   RO         3067    i.CPU_SW_Exception  cpu_core.o
    0x08000d6c   0x08000d6c   0x00000014   Code   RO         3069    i.CPU_TS_Init       cpu_core.o
    0x08000d80   0x08000d80   0x0000000c   Code   RO         3071    i.CPU_TS_TmrFreqSet  cpu_core.o
    0x08000d8c   0x08000d8c   0x00000034   Code   RO         2339    i.CPU_TS_TmrInit    bsp.o
    0x08000dc0   0x08000dc0   0x0000000c   Code   RO         2340    i.CPU_TS_TmrRd      bsp.o
    0x08000dcc   0x08000dcc   0x00000038   Code   RO         2148    i.DMA1_Stream6_IRQHandler  dma.o
    0x08000e04   0x08000e04   0x00000038   Code   RO         2150    i.DMA2_Stream7_IRQHandler  dma.o
    0x08000e3c   0x08000e3c   0x00000034   Code   RO         1659    i.DMA_ClearITPendingBit  stm32f4xx_dma.o
    0x08000e70   0x08000e70   0x00000158   Code   RO         1661    i.DMA_DeInit        stm32f4xx_dma.o
    0x08000fc8   0x08000fc8   0x00000014   Code   RO         1665    i.DMA_GetCmdStatus  stm32f4xx_dma.o
    0x08000fdc   0x08000fdc   0x00000064   Code   RO         1670    i.DMA_GetITStatus   stm32f4xx_dma.o
    0x08001040   0x08001040   0x0000003a   Code   RO         1671    i.DMA_ITConfig      stm32f4xx_dma.o
    0x0800107a   0x0800107a   0x00000002   PAD
    0x0800107c   0x0800107c   0x00000058   Code   RO         1672    i.DMA_Init          stm32f4xx_dma.o
    0x080010d4   0x080010d4   0x00000002   Code   RO          318    i.DebugMon_Handler  stm32f4xx_it.o
    0x080010d6   0x080010d6   0x00000002   PAD
    0x080010d8   0x080010d8   0x00000098   Code   RO         2152    i.Debug_Tx_Config   dma.o
    0x08001170   0x08001170   0x000000c8   Code   RO         1124    i.ETH_CheckFrameReceived  stm32f4x7_eth.o
    0x08001238   0x08001238   0x0000000c   Code   RO         1126    i.ETH_DMAClearITPendingBit  stm32f4x7_eth.o
    0x08001244   0x08001244   0x0000005c   Code   RO         1171    i.ETH_Get_Received_Frame  stm32f4x7_eth.o
    0x080012a0   0x080012a0   0x0000002e   Code   RO         2299    i.ETH_IRQHandler    lan8720.o
    0x080012ce   0x080012ce   0x00000090   Code   RO          830    i.GPIO_Init         stm32f4xx_gpio.o
    0x0800135e   0x0800135e   0x00000046   Code   RO          831    i.GPIO_PinAFConfig  stm32f4xx_gpio.o
    0x080013a4   0x080013a4   0x00000008   Code   RO          835    i.GPIO_ReadOutputData  stm32f4xx_gpio.o
    0x080013ac   0x080013ac   0x00000004   Code   RO          837    i.GPIO_ResetBits    stm32f4xx_gpio.o
    0x080013b0   0x080013b0   0x00000004   Code   RO          838    i.GPIO_SetBits      stm32f4xx_gpio.o
    0x080013b4   0x080013b4   0x00000004   Code   RO          319    i.HardFault_Handler  stm32f4xx_it.o
    0x080013b8   0x080013b8   0x00000048   Code   RO         2239    i.I2C1_Configuration  at24cxx.o
    0x08001400   0x08001400   0x00000044   Code   RO         2240    i.I2C1_GPIO_Configuration  at24cxx.o
    0x08001444   0x08001444   0x0000001c   Code   RO         2241    i.I2C1_Init         at24cxx.o
    0x08001460   0x08001460   0x00000018   Code   RO         1797    i.I2C_Cmd           stm32f4xx_i2c.o
    0x08001478   0x08001478   0x00000060   Code   RO         1800    i.I2C_DeInit        stm32f4xx_i2c.o
    0x080014d8   0x080014d8   0x000000e8   Code   RO         1812    i.I2C_Init          stm32f4xx_i2c.o
    0x080015c0   0x080015c0   0x0000004c   Code   RO         2085    i.LED_Init          led.o
    0x0800160c   0x0800160c   0x0000002c   Code   RO         2086    i.LED_Invert        led.o
    0x08001638   0x08001638   0x0000000a   Code   RO         3336    i.Math_Init         lib_math.o
    0x08001642   0x08001642   0x00000002   PAD
    0x08001644   0x08001644   0x00000038   Code   RO         3337    i.Math_Rand         lib_math.o
    0x0800167c   0x0800167c   0x00000018   Code   RO         3338    i.Math_RandSeed     lib_math.o
    0x08001694   0x08001694   0x0000002c   Code   RO         3339    i.Math_RandSetSeed  lib_math.o
    0x080016c0   0x080016c0   0x00000004   Code   RO          320    i.MemManage_Handler  stm32f4xx_it.o
    0x080016c4   0x080016c4   0x00000012   Code   RO         3372    i.Mem_Clr           lib_mem.o
    0x080016d6   0x080016d6   0x00000002   PAD
    0x080016d8   0x080016d8   0x0000004c   Code   RO         3382    i.Mem_Init          lib_mem.o
    0x08001724   0x08001724   0x0000004a   Code   RO         3395    i.Mem_SegCreate     lib_mem.o
    0x0800176e   0x0800176e   0x00000002   PAD
    0x08001770   0x08001770   0x00000020   Code   RO         3396    i.Mem_SegCreateCritical  lib_mem.o
    0x08001790   0x08001790   0x00000054   Code   RO         3399    i.Mem_Set           lib_mem.o
    0x080017e4   0x080017e4   0x00000002   Code   RO          321    i.NMI_Handler       stm32f4xx_it.o
    0x080017e6   0x080017e6   0x00000002   PAD
    0x080017e8   0x080017e8   0x00000078   Code   RO          443    i.NVIC_Init         misc.o
    0x08001860   0x08001860   0x00000014   Code   RO          444    i.NVIC_PriorityGroupConfig  misc.o
    0x08001874   0x08001874   0x00000002   Code   RO         3707    i.OSCfg_Init        os_cfg_app.o
    0x08001876   0x08001876   0x00000002   PAD
    0x08001878   0x08001878   0x00000014   Code   RO         4804    i.OSIdleTaskHook    os_cpu_c.o
    0x0800188c   0x0800188c   0x00000164   Code   RO         3733    i.OSInit            os_core.o
    0x080019f0   0x080019f0   0x00000028   Code   RO         4805    i.OSInitHook        os_cpu_c.o
    0x08001a18   0x08001a18   0x000000dc   Code   RO         3735    i.OSIntExit         os_core.o
    0x08001af4   0x08001af4   0x00000070   Code   RO         4130    i.OSMutexCreate     os_mutex.o
    0x08001b64   0x08001b64   0x000001d0   Code   RO         4132    i.OSMutexPend       os_mutex.o
    0x08001d34   0x08001d34   0x0000018c   Code   RO         4134    i.OSMutexPost       os_mutex.o
    0x08001ec0   0x08001ec0   0x000000a4   Code   RO         3736    i.OSSched           os_core.o
    0x08001f64   0x08001f64   0x00000060   Code   RO         3737    i.OSSchedLock       os_core.o
    0x08001fc4   0x08001fc4   0x00000080   Code   RO         3738    i.OSSchedUnlock     os_core.o
    0x08002044   0x08002044   0x00000068   Code   RO         3739    i.OSStart           os_core.o
    0x080020ac   0x080020ac   0x00000128   Code   RO         4401    i.OSStatReset       os_stat.o
    0x080021d4   0x080021d4   0x000000f0   Code   RO         4402    i.OSStatTaskCPUUsageInit  os_stat.o
    0x080022c4   0x080022c4   0x00000014   Code   RO         4806    i.OSStatTaskHook    os_cpu_c.o
    0x080022d8   0x080022d8   0x00000190   Code   RO         4432    i.OSTaskCreate      os_task.o
    0x08002468   0x08002468   0x00000018   Code   RO         4807    i.OSTaskCreateHook  os_cpu_c.o
    0x08002480   0x08002480   0x00000188   Code   RO         4433    i.OSTaskDel         os_task.o
    0x08002608   0x08002608   0x00000018   Code   RO         4808    i.OSTaskDelHook     os_cpu_c.o
    0x08002620   0x08002620   0x00000054   Code   RO         4441    i.OSTaskResume      os_task.o
    0x08002674   0x08002674   0x00000018   Code   RO         4809    i.OSTaskReturnHook  os_cpu_c.o
    0x0800268c   0x0800268c   0x000001c8   Code   RO         4442    i.OSTaskSemPend     os_task.o
    0x08002854   0x08002854   0x0000003e   Code   RO         4444    i.OSTaskSemPost     os_task.o
    0x08002892   0x08002892   0x00000002   PAD
    0x08002894   0x08002894   0x000000c0   Code   RO         4446    i.OSTaskStkChk      os_task.o
    0x08002954   0x08002954   0x000002c4   Code   RO         4810    i.OSTaskStkInit     os_cpu_c.o
    0x08002c18   0x08002c18   0x00000024   Code   RO         4447    i.OSTaskSuspend     os_task.o
    0x08002c3c   0x08002c3c   0x000000b8   Code   RO         4811    i.OSTaskSwHook      os_cpu_c.o
    0x08002cf4   0x08002cf4   0x000000a4   Code   RO         4651    i.OSTimeDly         os_time.o
    0x08002d98   0x08002d98   0x0000018c   Code   RO         4652    i.OSTimeDlyHMSM     os_time.o
    0x08002f24   0x08002f24   0x00000044   Code   RO         4656    i.OSTimeTick        os_time.o
    0x08002f68   0x08002f68   0x00000014   Code   RO         4812    i.OSTimeTickHook    os_cpu_c.o
    0x08002f7c   0x08002f7c   0x00000038   Code   RO         4813    i.OS_CPU_SysTickHandler  os_cpu_c.o
    0x08002fb4   0x08002fb4   0x00000030   Code   RO         4814    i.OS_CPU_SysTickInit  os_cpu_c.o
    0x08002fe4   0x08002fe4   0x000001a8   Code   RO         3953    i.OS_Dbg_Init       os_dbg.o
    0x0800318c   0x0800318c   0x00000018   Code   RO         3978    i.OS_FlagInit       os_flag.o
    0x080031a4   0x080031a4   0x00000044   Code   RO         3741    i.OS_IdleTask       os_core.o
    0x080031e8   0x080031e8   0x00000070   Code   RO         3742    i.OS_IdleTaskInit   os_core.o
    0x08003258   0x08003258   0x00000018   Code   RO         4062    i.OS_MemInit        os_mem.o
    0x08003270   0x08003270   0x0000007c   Code   RO         4094    i.OS_MsgPoolInit    os_msg.o
    0x080032ec   0x080032ec   0x00000044   Code   RO         4095    i.OS_MsgQFreeAll    os_msg.o
    0x08003330   0x08003330   0x0000000e   Code   RO         4097    i.OS_MsgQInit       os_msg.o
    0x0800333e   0x0800333e   0x00000002   PAD
    0x08003340   0x08003340   0x00000030   Code   RO         4136    i.OS_MutexDbgListAdd  os_mutex.o
    0x08003370   0x08003370   0x00000008   Code   RO         4138    i.OS_MutexGrpAdd    os_mutex.o
    0x08003378   0x08003378   0x00000060   Code   RO         4139    i.OS_MutexGrpPostAll  os_mutex.o
    0x080033d8   0x080033d8   0x0000002c   Code   RO         4140    i.OS_MutexGrpPrioFindHighest  os_mutex.o
    0x08003404   0x08003404   0x0000001c   Code   RO         4141    i.OS_MutexGrpRemove  os_mutex.o
    0x08003420   0x08003420   0x00000018   Code   RO         4142    i.OS_MutexInit      os_mutex.o
    0x08003438   0x08003438   0x00000068   Code   RO         3743    i.OS_Pend           os_core.o
    0x080034a0   0x080034a0   0x00000028   Code   RO         3746    i.OS_PendDataInit   os_core.o
    0x080034c8   0x080034c8   0x0000005c   Code   RO         3747    i.OS_PendDbgNameAdd  os_core.o
    0x08003524   0x08003524   0x00000024   Code   RO         3748    i.OS_PendDbgNameRemove  os_core.o
    0x08003548   0x08003548   0x0000003a   Code   RO         3749    i.OS_PendListChangePrio  os_core.o
    0x08003582   0x08003582   0x0000000a   Code   RO         3750    i.OS_PendListInit   os_core.o
    0x0800358c   0x0800358c   0x00000066   Code   RO         3752    i.OS_PendListInsertPrio  os_core.o
    0x080035f2   0x080035f2   0x00000034   Code   RO         3753    i.OS_PendListRemove  os_core.o
    0x08003626   0x08003626   0x00000042   Code   RO         3754    i.OS_PendListRemove1  os_core.o
    0x08003668   0x08003668   0x000000d6   Code   RO         3757    i.OS_Post           os_core.o
    0x0800373e   0x0800373e   0x0000002c   Code   RO         3758    i.OS_Post1          os_core.o
    0x0800376a   0x0800376a   0x00000002   PAD
    0x0800376c   0x0800376c   0x00000028   Code   RO         4220    i.OS_PrioGetHighest  os_prio.o
    0x08003794   0x08003794   0x00000018   Code   RO         4221    i.OS_PrioInit       os_prio.o
    0x080037ac   0x080037ac   0x00000024   Code   RO         4222    i.OS_PrioInsert     os_prio.o
    0x080037d0   0x080037d0   0x00000024   Code   RO         4223    i.OS_PrioRemove     os_prio.o
    0x080037f4   0x080037f4   0x00000018   Code   RO         4266    i.OS_QInit          os_q.o
    0x0800380c   0x0800380c   0x00000024   Code   RO         3759    i.OS_RdyListInit    os_core.o
    0x08003830   0x08003830   0x0000002c   Code   RO         3760    i.OS_RdyListInsert  os_core.o
    0x0800385c   0x0800385c   0x00000040   Code   RO         3761    i.OS_RdyListInsertHead  os_core.o
    0x0800389c   0x0800389c   0x0000003c   Code   RO         3762    i.OS_RdyListInsertTail  os_core.o
    0x080038d8   0x080038d8   0x0000005c   Code   RO         3764    i.OS_RdyListRemove  os_core.o
    0x08003934   0x08003934   0x0000001c   Code   RO         3765    i.OS_SchedLockTimeMeasStart  os_core.o
    0x08003950   0x08003950   0x0000003c   Code   RO         3766    i.OS_SchedLockTimeMeasStop  os_core.o
    0x0800398c   0x0800398c   0x00000018   Code   RO         4338    i.OS_SemInit        os_sem.o
    0x080039a4   0x080039a4   0x000002e8   Code   RO         4403    i.OS_StatTask       os_stat.o
    0x08003c8c   0x08003c8c   0x000000cc   Code   RO         4404    i.OS_StatTaskInit   os_stat.o
    0x08003d58   0x08003d58   0x0000002c   Code   RO         3767    i.OS_TaskBlock      os_core.o
    0x08003d84   0x08003d84   0x000000ec   Code   RO         4448    i.OS_TaskChangePrio  os_task.o
    0x08003e70   0x08003e70   0x00000030   Code   RO         4449    i.OS_TaskDbgListAdd  os_task.o
    0x08003ea0   0x08003ea0   0x00000044   Code   RO         4450    i.OS_TaskDbgListRemove  os_task.o
    0x08003ee4   0x08003ee4   0x00000020   Code   RO         4451    i.OS_TaskInit       os_task.o
    0x08003f04   0x08003f04   0x000000bc   Code   RO         4452    i.OS_TaskInitTCB    os_task.o
    0x08003fc0   0x08003fc0   0x00000100   Code   RO         4454    i.OS_TaskResume     os_task.o
    0x080040c0   0x080040c0   0x00000018   Code   RO         4455    i.OS_TaskReturn     os_task.o
    0x080040d8   0x080040d8   0x000001c4   Code   RO         4456    i.OS_TaskSemPost    os_task.o
    0x0800429c   0x0800429c   0x00000118   Code   RO         4457    i.OS_TaskSuspend    os_task.o
    0x080043b4   0x080043b4   0x00000086   Code   RO         4599    i.OS_TickListInsert  os_tick.o
    0x0800443a   0x0800443a   0x00000002   PAD
    0x0800443c   0x0800443c   0x000000bc   Code   RO         4600    i.OS_TickListInsertDly  os_tick.o
    0x080044f8   0x080044f8   0x00000058   Code   RO         4601    i.OS_TickListRemove  os_tick.o
    0x08004550   0x08004550   0x00000002   Code   RO         4602    i.OS_TickListResetPeak  os_tick.o
    0x08004552   0x08004552   0x00000002   PAD
    0x08004554   0x08004554   0x00000098   Code   RO         4603    i.OS_TickListUpdateDly  os_tick.o
    0x080045ec   0x080045ec   0x00000114   Code   RO         4604    i.OS_TickListUpdateTimeout  os_tick.o
    0x08004700   0x08004700   0x00000064   Code   RO         4605    i.OS_TickTask       os_tick.o
    0x08004764   0x08004764   0x000000c8   Code   RO         4606    i.OS_TickTaskInit   os_tick.o
    0x0800482c   0x0800482c   0x00000134   Code   RO         4702    i.OS_TmrInit        os_tmr.o
    0x08004960   0x08004960   0x00000018   Code   RO         4703    i.OS_TmrLock        os_tmr.o
    0x08004978   0x08004978   0x00000002   Code   RO         4704    i.OS_TmrResetPeak   os_tmr.o
    0x0800497a   0x0800497a   0x00000002   PAD
    0x0800497c   0x0800497c   0x00000094   Code   RO         4705    i.OS_TmrTask        os_tmr.o
    0x08004a10   0x08004a10   0x00000044   Code   RO         4706    i.OS_TmrUnlink      os_tmr.o
    0x08004a54   0x08004a54   0x00000014   Code   RO         4707    i.OS_TmrUnlock      os_tmr.o
    0x08004a68   0x08004a68   0x00000020   Code   RO          491    i.RCC_AHB1PeriphClockCmd  stm32f4xx_rcc.o
    0x08004a88   0x08004a88   0x00000020   Code   RO          500    i.RCC_APB1PeriphClockCmd  stm32f4xx_rcc.o
    0x08004aa8   0x08004aa8   0x00000020   Code   RO          502    i.RCC_APB1PeriphResetCmd  stm32f4xx_rcc.o
    0x08004ac8   0x08004ac8   0x00000020   Code   RO          503    i.RCC_APB2PeriphClockCmd  stm32f4xx_rcc.o
    0x08004ae8   0x08004ae8   0x000000e8   Code   RO          512    i.RCC_GetClocksFreq  stm32f4xx_rcc.o
    0x08004bd0   0x08004bd0   0x000000f4   Code   RO         2115    i.RS485_Init        rs485.o
    0x08004cc4   0x08004cc4   0x00000002   Code   RO          323    i.SVC_Handler       stm32f4xx_it.o
    0x08004cc6   0x08004cc6   0x00000002   PAD
    0x08004cc8   0x08004cc8   0x000000ec   Code   RO          402    i.SetSysClock       system_stm32f4xx.o
    0x08004db4   0x08004db4   0x00000068   Code   RO          404    i.SystemInit        system_stm32f4xx.o
    0x08004e1c   0x08004e1c   0x00000020   Code   RO         2209    i.USART1_IRQHandler  debug.o
    0x08004e3c   0x08004e3c   0x00000044   Code   RO         2116    i.USART2_IRQHandler  rs485.o
    0x08004e80   0x08004e80   0x00000012   Code   RO          931    i.USART_ClearFlag   stm32f4xx_usart.o
    0x08004e92   0x08004e92   0x00000018   Code   RO          935    i.USART_Cmd         stm32f4xx_usart.o
    0x08004eaa   0x08004eaa   0x00000012   Code   RO          936    i.USART_DMACmd      stm32f4xx_usart.o
    0x08004ebc   0x08004ebc   0x00000054   Code   RO          939    i.USART_GetITStatus  stm32f4xx_usart.o
    0x08004f10   0x08004f10   0x0000004a   Code   RO          941    i.USART_ITConfig    stm32f4xx_usart.o
    0x08004f5a   0x08004f5a   0x00000002   PAD
    0x08004f5c   0x08004f5c   0x000000d4   Code   RO          942    i.USART_Init        stm32f4xx_usart.o
    0x08005030   0x08005030   0x0000000a   Code   RO          949    i.USART_ReceiveData  stm32f4xx_usart.o
    0x0800503a   0x0800503a   0x00000004   Code   RO          325    i.UsageFault_Handler  stm32f4xx_it.o
    0x0800503e   0x0800503e   0x00000002   PAD
    0x08005040   0x08005040   0x00000098   Code   RO         2153    i.Usart_Tx_Config   dma.o
    0x080050d8   0x080050d8   0x00000030   Code   RO         4957    i.__ARM_fpclassify  m_wm.l(fpclassify.o)
    0x08005108   0x08005108   0x000000c8   Code   RO         4889    i.__hardfp_cos      m_wm.l(cos.o)
    0x080051d0   0x080051d0   0x00000358   Code   RO         4901    i.__hardfp_exp      m_wm.l(exp.o)
    0x08005528   0x08005528   0x000000c8   Code   RO         4915    i.__hardfp_sin      m_wm.l(sin.o)
    0x080055f0   0x080055f0   0x00000438   Code   RO         4962    i.__ieee754_rem_pio2  m_wm.l(rred.o)
    0x08005a28   0x08005a28   0x00000170   Code   RO         4940    i.__kernel_cos      m_wm.l(cos_i.o)
    0x08005b98   0x08005b98   0x000000f8   Code   RO         4959    i.__kernel_poly     m_wm.l(poly.o)
    0x08005c90   0x08005c90   0x00000130   Code   RO         4967    i.__kernel_sin      m_wm.l(sin_i.o)
    0x08005dc0   0x08005dc0   0x00000014   Code   RO         4944    i.__mathlib_dbl_infnan  m_wm.l(dunder.o)
    0x08005dd4   0x08005dd4   0x00000004   PAD
    0x08005dd8   0x08005dd8   0x00000020   Code   RO         4946    i.__mathlib_dbl_invalid  m_wm.l(dunder.o)
    0x08005df8   0x08005df8   0x00000020   Code   RO         4947    i.__mathlib_dbl_overflow  m_wm.l(dunder.o)
    0x08005e18   0x08005e18   0x00000020   Code   RO         4949    i.__mathlib_dbl_underflow  m_wm.l(dunder.o)
    0x08005e38   0x08005e38   0x0000000e   Code   RO         5029    i.__scatterload_copy  mc_w.l(handlers.o)
    0x08005e46   0x08005e46   0x00000002   Code   RO         5030    i.__scatterload_null  mc_w.l(handlers.o)
    0x08005e48   0x08005e48   0x0000000e   Code   RO         5031    i.__scatterload_zeroinit  mc_w.l(handlers.o)
    0x08005e56   0x08005e56   0x00000002   PAD
    0x08005e58   0x08005e58   0x0000000c   Code   RO         4995    i.__set_errno       mc_w.l(errno.o)
    0x08005e64   0x08005e64   0x00000090   Code   RO         2210    i.debug_init        debug.o
    0x08005ef4   0x08005ef4   0x00000018   Code   RO         5019    i.fabs              m_wm.l(fabs.o)
    0x08005f0c   0x08005f0c   0x0000007c   Code   RO            7    i.main              app.o
    0x08005f88   0x08005f88   0x00000094   Data   RO         3709    .constdata          os_cfg_app.o
    0x0800601c   0x0800601c   0x0000016c   Data   RO         3954    .constdata          os_dbg.o
    0x08006188   0x08006188   0x00000058   Data   RO         4904    .constdata          m_wm.l(exp.o)
    0x080061e0   0x080061e0   0x00000030   Data   RO         4941    .constdata          m_wm.l(cos_i.o)
    0x08006210   0x08006210   0x000000c8   Data   RO         4964    .constdata          m_wm.l(rred.o)
    0x080062d8   0x080062d8   0x00000028   Data   RO         4968    .constdata          m_wm.l(sin_i.o)
    0x08006300   0x08006300   0x00000020   Data   RO         5027    Region$$Table       anon$$obj.o


    Execution Region RW_IRAM2 (Exec base: 0x10000000, Load base: 0x0800633c, Size: 0x00000000, Max: 0x00010000, ABSOLUTE)

    **** No section assigned to this execution region ****


    Execution Region RW_IRAM1 (Exec base: 0x20000000, Load base: 0x08006320, Size: 0x00003460, Max: 0x00020000, ABSOLUTE, COMPRESSED[0x0000001c])

    Exec Addr    Load Addr    Size         Type   Attr      Idx    E Section Name        Object

    0x20000000   COMPRESSED   0x00000010   Data   RW          544    .data               stm32f4xx_rcc.o
    0x20000010   COMPRESSED   0x00000010   Data   RW         1208    .data               stm32f4x7_eth.o
    0x20000020   COMPRESSED   0x00000200   Data   RW         2155    .data               dma.o
    0x20000220   COMPRESSED   0x00000004   Data   RW         3075    .data               cpu_core.o
    0x20000224   COMPRESSED   0x00000004   Data   RW         3340    .data               lib_math.o
    0x20000228   COMPRESSED   0x00000004   Data   RW         3401    .data               lib_mem.o
    0x2000022c   COMPRESSED   0x00000008   Data   RW         4224    .data               os_prio.o
    0x20000234   COMPRESSED   0x000000c4   Data   RW         4788    .data               os_var.o
    0x200002f8   COMPRESSED   0x00000004   Data   RW         4815    .data               os_cpu_c.o
    0x200002fc   COMPRESSED   0x00000004   Data   RW         4996    .data               mc_w.l(errno.o)
    0x20000300        -       0x00000b80   Zero   RW            8    .bss                app.o
    0x20000e80        -       0x00000200   Zero   RW         2154    .bss                dma.o
    0x20001080        -       0x00000010   Zero   RW         3073    .bss                cpu_core.o
    0x20001090        -       0x00000c14   Zero   RW         3400    .bss                lib_mem.o
    0x20001ca4        -       0x00000d80   Zero   RW         3708    .bss                os_cfg_app.o
    0x20002a24        -       0x0000063c   Zero   RW         4787    .bss                os_var.o
    0x20003060        -       0x00000400   Zero   RW         2075    STACK               startup_stm32f40_41xxx.o


==============================================================================

Image component sizes


      Code (inc. data)   RO Data    RW Data    ZI Data      Debug   Object Name

       968         80          0          0       2944     334762   app.o
       168         14          0          0          0       1635   at24cxx.o
       150         18          0          0          0       2589   bsp.o
         8          0          0          0          0        488   bsp_int.o
        52          0          0          0          0        336   cpu_a.o
       104         18          0          4         16       5064   cpu_core.o
       176         12          0          0          0       1205   debug.o
       416         52          0        512        512       3071   dma.o
        46          0          0          0          0        565   lan8720.o
       120         10          0          0          0       1124   led.o
       134         14          0          4          0       3270   lib_math.o
       284         26          0          4       3092      15337   lib_mem.o
       140         24          0          0          0       1631   misc.o
         2          0        148          0       3456      20051   os_cfg_app.o
      2494        342          0          0          0      36215   os_core.o
       268         14          0          0          0        420   os_cpu_a.o
      1168        168          0          4          0      26927   os_cpu_c.o
       424        278        364          0          0       4861   os_dbg.o
        24         10          0          0          0        994   os_flag.o
        24         10          0          0          0        985   os_mem.o
       206         20          0          0          0       2480   os_msg.o
      1220         56          0          0          0       7355   os_mutex.o
       136         16          0          8          0       3010   os_prio.o
        24         10          0          0          0        987   os_q.o
        24         10          0          0          0        989   os_sem.o
      1484        190          0          0          0       4083   os_stat.o
      3206        164          0          0          0      14045   os_task.o
      1140         88          0          0          0       6530   os_tick.o
       628         40          0          0          0       3109   os_time.o
       570        142          0          0          0       4183   os_tmr.o
         0          0          0        196       1596      17844   os_var.o
       312         24          0          0          0       1337   rs485.o
        76         16        392          0       1024        868   startup_stm32f40_41xxx.o
       304         26          0         16          0      38861   stm32f4x7_eth.o
       662         58          0          0          0       5252   stm32f4xx_dma.o
       230          0          0          0          0       3521   stm32f4xx_gpio.o
       352         28          0          0          0       2482   stm32f4xx_i2c.o
        22          0          0          0          0      12340   stm32f4xx_it.o
       360         42          0         16          0       5312   stm32f4xx_rcc.o
       440          8          0          0          0       5503   stm32f4xx_usart.o
       340         32          0          0          0       1621   system_stm32f4xx.o

    ----------------------------------------------------------------------
     18940       2060        936        764      12640     603242   Object Totals
         0          0         32          0          0          0   (incl. Generated)
        34          0          0          0          0          0   (incl. Padding)

    ----------------------------------------------------------------------

      Code (inc. data)   RO Data    RW Data    ZI Data      Debug   Library Member Name

       200         20          0          0          0        164   cos.o
       368         46         48          0          0        200   cos_i.o
       116         24          0          0          0        496   dunder.o
       856        142         88          0          0        288   exp.o
        24          0          0          0          0        124   fabs.o
        48          0          0          0          0        124   fpclassify.o
       248          0          0          0          0        152   poly.o
      1080        142        200          0          0        188   rred.o
       200         20          0          0          0        164   sin.o
       304         24         40          0          0        208   sin_i.o
        86          0          0          0          0          0   __dczerorl2.o
         0          0          0          0          0          0   entry.o
         0          0          0          0          0          0   entry10a.o
         0          0          0          0          0          0   entry11a.o
         8          4          0          0          0          0   entry2.o
         4          0          0          0          0          0   entry5.o
         0          0          0          0          0          0   entry7b.o
         0          0          0          0          0          0   entry8b.o
         8          4          0          0          0          0   entry9a.o
        12          6          0          4          0         68   errno.o
        30          0          0          0          0          0   handlers.o
        36          8          0          0          0         68   init.o
         0          0          0          0          0          0   iusefp.o
        30          0          0          0          0         68   llshl.o
        36          0          0          0          0         68   llsshr.o
        32          0          0          0          0         68   llushr.o
        48          0          0          0          0         68   cdcmple.o
        48          0          0          0          0         68   cdrcmple.o
        56          0          0          0          0         88   d2f.o
       334          0          0          0          0        148   dadd.o
       222          0          0          0          0        100   ddiv.o
       186          0          0          0          0        176   depilogue.o
        62          0          0          0          0         80   dfixi.o
        34          0          0          0          0         76   dflti.o
        26          0          0          0          0         76   dfltui.o
       228          0          0          0          0         96   dmul.o
        38          0          0          0          0         68   f2d.o
       110          0          0          0          0        168   fepilogue.o

    ----------------------------------------------------------------------
      5124        440        376          4          0       3660   Library Totals
         6          0          0          0          0          0   (incl. Padding)

    ----------------------------------------------------------------------

      Code (inc. data)   RO Data    RW Data    ZI Data      Debug   Library Name

      3444        418        376          0          0       2108   m_wm.l
       282         22          0          4          0        340   mc_w.l
      1392          0          0          0          0       1212   mf_w.l

    ----------------------------------------------------------------------
      5124        440        376          4          0       3660   Library Totals

    ----------------------------------------------------------------------

==============================================================================


      Code (inc. data)   RO Data    RW Data    ZI Data      Debug   

     24064       2500       1312        768      12640     588058   Grand Totals
     24064       2500       1312         28      12640     588058   ELF Image Totals (compressed)
     24064       2500       1312         28          0          0   ROM Totals

==============================================================================

    Total RO  Size (Code + RO Data)                25376 (  24.78kB)
    Total RW  Size (RW Data + ZI Data)             13408 (  13.09kB)
    Total ROM Size (Code + RO Data + RW Data)      25404 (  24.81kB)

==============================================================================

